Archive member included because of file (symbol)

c:/program files (x86)/gnu tools arm embedded/4.9 2015q3/bin/../lib/gcc/arm-none-eabi/4.9.3/../../../../arm-none-eabi/lib/armv7-m\libm.a(lib_a-sf_cos.o)
                              obj/SKYROVER/gps.o (cosf)
c:/program files (x86)/gnu tools arm embedded/4.9 2015q3/bin/../lib/gcc/arm-none-eabi/4.9.3/../../../../arm-none-eabi/lib/armv7-m\libm.a(lib_a-sf_lrint.o)
                              obj/SKYROVER/imu.o (lrintf)
c:/program files (x86)/gnu tools arm embedded/4.9 2015q3/bin/../lib/gcc/arm-none-eabi/4.9.3/../../../../arm-none-eabi/lib/armv7-m\libm.a(lib_a-sf_sin.o)
                              obj/SKYROVER/gps.o (sinf)
c:/program files (x86)/gnu tools arm embedded/4.9 2015q3/bin/../lib/gcc/arm-none-eabi/4.9.3/../../../../arm-none-eabi/lib/armv7-m\libm.a(lib_a-wf_atan2.o)
                              obj/SKYROVER/gps.o (atan2f)
c:/program files (x86)/gnu tools arm embedded/4.9 2015q3/bin/../lib/gcc/arm-none-eabi/4.9.3/../../../../arm-none-eabi/lib/armv7-m\libm.a(lib_a-wf_pow.o)
                              obj/SKYROVER/imu.o (powf)
c:/program files (x86)/gnu tools arm embedded/4.9 2015q3/bin/../lib/gcc/arm-none-eabi/4.9.3/../../../../arm-none-eabi/lib/armv7-m\libm.a(lib_a-wf_sqrt.o)
                              obj/SKYROVER/gps.o (sqrtf)
c:/program files (x86)/gnu tools arm embedded/4.9 2015q3/bin/../lib/gcc/arm-none-eabi/4.9.3/../../../../arm-none-eabi/lib/armv7-m\libm.a(lib_a-ef_atan2.o)
                              c:/program files (x86)/gnu tools arm embedded/4.9 2015q3/bin/../lib/gcc/arm-none-eabi/4.9.3/../../../../arm-none-eabi/lib/armv7-m\libm.a(lib_a-wf_atan2.o) (__ieee754_atan2f)
c:/program files (x86)/gnu tools arm embedded/4.9 2015q3/bin/../lib/gcc/arm-none-eabi/4.9.3/../../../../arm-none-eabi/lib/armv7-m\libm.a(lib_a-ef_pow.o)
                              c:/program files (x86)/gnu tools arm embedded/4.9 2015q3/bin/../lib/gcc/arm-none-eabi/4.9.3/../../../../arm-none-eabi/lib/armv7-m\libm.a(lib_a-wf_pow.o) (__ieee754_powf)
c:/program files (x86)/gnu tools arm embedded/4.9 2015q3/bin/../lib/gcc/arm-none-eabi/4.9.3/../../../../arm-none-eabi/lib/armv7-m\libm.a(lib_a-ef_rem_pio2.o)
                              c:/program files (x86)/gnu tools arm embedded/4.9 2015q3/bin/../lib/gcc/arm-none-eabi/4.9.3/../../../../arm-none-eabi/lib/armv7-m\libm.a(lib_a-sf_cos.o) (__ieee754_rem_pio2f)
c:/program files (x86)/gnu tools arm embedded/4.9 2015q3/bin/../lib/gcc/arm-none-eabi/4.9.3/../../../../arm-none-eabi/lib/armv7-m\libm.a(lib_a-ef_sqrt.o)
                              c:/program files (x86)/gnu tools arm embedded/4.9 2015q3/bin/../lib/gcc/arm-none-eabi/4.9.3/../../../../arm-none-eabi/lib/armv7-m\libm.a(lib_a-wf_sqrt.o) (__ieee754_sqrtf)
c:/program files (x86)/gnu tools arm embedded/4.9 2015q3/bin/../lib/gcc/arm-none-eabi/4.9.3/../../../../arm-none-eabi/lib/armv7-m\libm.a(lib_a-kf_cos.o)
                              c:/program files (x86)/gnu tools arm embedded/4.9 2015q3/bin/../lib/gcc/arm-none-eabi/4.9.3/../../../../arm-none-eabi/lib/armv7-m\libm.a(lib_a-sf_cos.o) (__kernel_cosf)
c:/program files (x86)/gnu tools arm embedded/4.9 2015q3/bin/../lib/gcc/arm-none-eabi/4.9.3/../../../../arm-none-eabi/lib/armv7-m\libm.a(lib_a-kf_rem_pio2.o)
                              c:/program files (x86)/gnu tools arm embedded/4.9 2015q3/bin/../lib/gcc/arm-none-eabi/4.9.3/../../../../arm-none-eabi/lib/armv7-m\libm.a(lib_a-ef_rem_pio2.o) (__kernel_rem_pio2f)
c:/program files (x86)/gnu tools arm embedded/4.9 2015q3/bin/../lib/gcc/arm-none-eabi/4.9.3/../../../../arm-none-eabi/lib/armv7-m\libm.a(lib_a-kf_sin.o)
                              c:/program files (x86)/gnu tools arm embedded/4.9 2015q3/bin/../lib/gcc/arm-none-eabi/4.9.3/../../../../arm-none-eabi/lib/armv7-m\libm.a(lib_a-sf_cos.o) (__kernel_sinf)
c:/program files (x86)/gnu tools arm embedded/4.9 2015q3/bin/../lib/gcc/arm-none-eabi/4.9.3/../../../../arm-none-eabi/lib/armv7-m\libm.a(lib_a-s_lib_ver.o)
                              c:/program files (x86)/gnu tools arm embedded/4.9 2015q3/bin/../lib/gcc/arm-none-eabi/4.9.3/../../../../arm-none-eabi/lib/armv7-m\libm.a(lib_a-wf_pow.o) (__fdlib_version)
c:/program files (x86)/gnu tools arm embedded/4.9 2015q3/bin/../lib/gcc/arm-none-eabi/4.9.3/../../../../arm-none-eabi/lib/armv7-m\libm.a(lib_a-s_matherr.o)
                              c:/program files (x86)/gnu tools arm embedded/4.9 2015q3/bin/../lib/gcc/arm-none-eabi/4.9.3/../../../../arm-none-eabi/lib/armv7-m\libm.a(lib_a-wf_pow.o) (matherr)
c:/program files (x86)/gnu tools arm embedded/4.9 2015q3/bin/../lib/gcc/arm-none-eabi/4.9.3/../../../../arm-none-eabi/lib/armv7-m\libm.a(lib_a-s_rint.o)
                              c:/program files (x86)/gnu tools arm embedded/4.9 2015q3/bin/../lib/gcc/arm-none-eabi/4.9.3/../../../../arm-none-eabi/lib/armv7-m\libm.a(lib_a-wf_pow.o) (rint)
[...]
Memory Configuration

Name             Origin             Length             Attributes
FLASH            0x08003000         0x0001cc00         xr
RAM              0x20000000         0x00005000         xrw
MEMORY_B1        0x60000000         0x00000000         xr
*default*        0x00000000         0xffffffff

Linker script and memory map

LOAD c:/program files (x86)/gnu tools arm embedded/4.9 2015q3/bin/../lib/gcc/arm-none-eabi/4.9.3/armv7-m/crti.o
LOAD c:/program files (x86)/gnu tools arm embedded/4.9 2015q3/bin/../lib/gcc/arm-none-eabi/4.9.3/armv7-m/crtbegin.o
LOAD c:/program files (x86)/gnu tools arm embedded/4.9 2015q3/bin/../lib/gcc/arm-none-eabi/4.9.3/../../../../arm-none-eabi/lib/armv7-m/crt0.o
LOAD obj/SKYROVER/startup_stm32f10x_md_gcc.o
LOAD obj/SKYROVER/buzzer.o
LOAD obj/SKYROVER/cli.o
LOAD obj/SKYROVER/config.o
LOAD obj/SKYROVER/drv_adc.o
LOAD obj/SKYROVER/drv_adxl345.o
LOAD obj/SKYROVER/drv_bma280.o
LOAD obj/SKYROVER/drv_bmp085.o
LOAD obj/SKYROVER/drv_gpio.o
LOAD obj/SKYROVER/drv_hcsr04.o
LOAD obj/SKYROVER/drv_hmc5883l.o
LOAD obj/SKYROVER/drv_i2c.o
LOAD obj/SKYROVER/drv_i2c_soft.o
LOAD obj/SKYROVER/drv_l3g4200d.o
LOAD obj/SKYROVER/drv_ledring.o
LOAD obj/SKYROVER/drv_mma845x.o
LOAD obj/SKYROVER/drv_mpu3050.o
LOAD obj/SKYROVER/drv_mpu6050.o
LOAD obj/SKYROVER/drv_ms5611.o
LOAD obj/SKYROVER/drv_pwm.o
LOAD obj/SKYROVER/drv_serial.o
LOAD obj/SKYROVER/drv_softserial.o
LOAD obj/SKYROVER/drv_spi.o
LOAD obj/SKYROVER/drv_system.o
LOAD obj/SKYROVER/drv_timer.o
LOAD obj/SKYROVER/drv_u8g.o
LOAD obj/SKYROVER/drv_uart.o
LOAD obj/SKYROVER/drv_vcom.o
LOAD obj/SKYROVER/drv_vcom_q.o
LOAD obj/SKYROVER/gps.o
LOAD obj/SKYROVER/hexairbot.o
LOAD obj/SKYROVER/imu.o
LOAD obj/SKYROVER/mixer.o
LOAD obj/SKYROVER/mw.o
LOAD obj/SKYROVER/printf.o
LOAD obj/SKYROVER/sbus.o
LOAD obj/SKYROVER/sensors.o
LOAD obj/SKYROVER/serial.o
LOAD obj/SKYROVER/spektrum.o
LOAD obj/SKYROVER/sumd.o
LOAD obj/SKYROVER/telemetry.o
LOAD obj/SKYROVER/utils.o
LOAD obj/SKYROVER/cupdroneHardwareSetup.o
LOAD obj/SKYROVER/system_stm32f10x.o
LOAD obj/SKYROVER/misc.o
LOAD obj/SKYROVER/stm32f10x_adc.o
LOAD obj/SKYROVER/stm32f10x_bkp.o
LOAD obj/SKYROVER/stm32f10x_can.o
LOAD obj/SKYROVER/stm32f10x_cec.o
LOAD obj/SKYROVER/stm32f10x_crc.o
LOAD obj/SKYROVER/stm32f10x_dac.o
LOAD obj/SKYROVER/stm32f10x_dbgmcu.o
LOAD obj/SKYROVER/stm32f10x_dma.o
LOAD obj/SKYROVER/stm32f10x_exti.o
LOAD obj/SKYROVER/stm32f10x_flash.o
LOAD obj/SKYROVER/stm32f10x_fsmc.o
LOAD obj/SKYROVER/stm32f10x_gpio.o
LOAD obj/SKYROVER/stm32f10x_i2c.o
LOAD obj/SKYROVER/stm32f10x_iwdg.o
LOAD obj/SKYROVER/stm32f10x_pwr.o
LOAD obj/SKYROVER/stm32f10x_rcc.o
LOAD obj/SKYROVER/stm32f10x_rtc.o
LOAD obj/SKYROVER/stm32f10x_sdio.o
LOAD obj/SKYROVER/stm32f10x_spi.o
LOAD obj/SKYROVER/stm32f10x_tim.o
LOAD obj/SKYROVER/stm32f10x_usart.o
LOAD obj/SKYROVER/stm32f10x_wwdg.o
LOAD obj/SKYROVER/croutine.o
LOAD obj/SKYROVER/list.o
LOAD obj/SKYROVER/queue.o
LOAD obj/SKYROVER/tasks.o
LOAD obj/SKYROVER/timers.o
LOAD obj/SKYROVER/cmsis_os.o
LOAD obj/SKYROVER/heap_2.o
LOAD obj/SKYROVER/port.o
LOAD obj/SKYROVER/usb_core.o
LOAD obj/SKYROVER/usb_init.o
LOAD obj/SKYROVER/usb_int.o
LOAD obj/SKYROVER/usb_mem.o
LOAD obj/SKYROVER/usb_regs.o
LOAD obj/SKYROVER/usb_sil.o
LOAD obj/SKYROVER/hw_config.o
LOAD obj/SKYROVER/usb_desc.o
LOAD obj/SKYROVER/usb_endp.o
LOAD obj/SKYROVER/usb_istr.o
LOAD obj/SKYROVER/usb_prop.o
LOAD obj/SKYROVER/usb_pwr.o
LOAD obj/SKYROVER/thread_lcd.o
LOAD obj/SKYROVER/thread_main.o
LOAD obj/SKYROVER/thread_menu.o
LOAD obj/SKYROVER/thread_mw.o
LOAD obj/SKYROVER/chessengine.o
LOAD obj/SKYROVER/u8g_bitmap.o
LOAD obj/SKYROVER/u8g_circle.o
LOAD obj/SKYROVER/u8g_clip.o
LOAD obj/SKYROVER/u8g_com_api.o
LOAD obj/SKYROVER/u8g_com_api_16gr.o
LOAD obj/SKYROVER/u8g_com_i2c.o
LOAD obj/SKYROVER/u8g_com_io.o
LOAD obj/SKYROVER/u8g_com_null.o
LOAD obj/SKYROVER/u8g_cursor.o
LOAD obj/SKYROVER/u8g_delay.o
LOAD obj/SKYROVER/u8g_dev_a2_micro_printer.o
LOAD obj/SKYROVER/u8g_dev_flipdisc_2x7.o
LOAD obj/SKYROVER/u8g_dev_gprof.o
LOAD obj/SKYROVER/u8g_dev_ht1632.o
LOAD obj/SKYROVER/u8g_dev_ili9325d_320x240.o
LOAD obj/SKYROVER/u8g_dev_ks0108_128x64.o
LOAD obj/SKYROVER/u8g_dev_lc7981_160x80.o
LOAD obj/SKYROVER/u8g_dev_lc7981_240x128.o
LOAD obj/SKYROVER/u8g_dev_lc7981_240x64.o
LOAD obj/SKYROVER/u8g_dev_lc7981_320x64.o
LOAD obj/SKYROVER/u8g_dev_ld7032_60x32.o
LOAD obj/SKYROVER/u8g_dev_null.o
LOAD obj/SKYROVER/u8g_dev_pcd8544_84x48.o
LOAD obj/SKYROVER/u8g_dev_pcf8812_96x65.o
LOAD obj/SKYROVER/u8g_dev_sbn1661_122x32.o
LOAD obj/SKYROVER/u8g_dev_ssd1306_128x32.o
LOAD obj/SKYROVER/u8g_dev_ssd1306_128x64.o
LOAD obj/SKYROVER/u8g_dev_ssd1309_128x64.o
LOAD obj/SKYROVER/u8g_dev_ssd1322_nhd31oled_bw.o
LOAD obj/SKYROVER/u8g_dev_ssd1322_nhd31oled_gr.o
LOAD obj/SKYROVER/u8g_dev_ssd1325_nhd27oled_bw.o
LOAD obj/SKYROVER/u8g_dev_ssd1325_nhd27oled_bw_new.o
LOAD obj/SKYROVER/u8g_dev_ssd1325_nhd27oled_gr.o
LOAD obj/SKYROVER/u8g_dev_ssd1325_nhd27oled_gr_new.o
LOAD obj/SKYROVER/u8g_dev_ssd1327_96x96_gr.o
LOAD obj/SKYROVER/u8g_dev_ssd1351_128x128.o
LOAD obj/SKYROVER/u8g_dev_st7565_64128n.o
LOAD obj/SKYROVER/u8g_dev_st7565_dogm128.o
LOAD obj/SKYROVER/u8g_dev_st7565_dogm132.o
LOAD obj/SKYROVER/u8g_dev_st7565_lm6059.o
LOAD obj/SKYROVER/u8g_dev_st7565_lm6063.o
LOAD obj/SKYROVER/u8g_dev_st7565_nhd_c12832.o
LOAD obj/SKYROVER/u8g_dev_st7565_nhd_c12864.o
LOAD obj/SKYROVER/u8g_dev_st7687_c144mvgd.o
LOAD obj/SKYROVER/u8g_dev_st7920_128x64.o
LOAD obj/SKYROVER/u8g_dev_st7920_192x32.o
LOAD obj/SKYROVER/u8g_dev_st7920_202x32.o
LOAD obj/SKYROVER/u8g_dev_t6963_128x128.o
LOAD obj/SKYROVER/u8g_dev_t6963_128x64.o
LOAD obj/SKYROVER/u8g_dev_t6963_240x128.o
LOAD obj/SKYROVER/u8g_dev_t6963_240x64.o
LOAD obj/SKYROVER/u8g_dev_tls8204_84x48.o
LOAD obj/SKYROVER/u8g_dev_uc1601_c128032.o
LOAD obj/SKYROVER/u8g_dev_uc1608_240x64.o
LOAD obj/SKYROVER/u8g_dev_uc1610_dogxl160.o
LOAD obj/SKYROVER/u8g_dev_uc1701_dogs102.o
LOAD obj/SKYROVER/u8g_dev_uc1701_mini12864.o
LOAD obj/SKYROVER/u8g_ellipse.o
LOAD obj/SKYROVER/u8g_font.o
LOAD obj/SKYROVER/u8g_font_data.o
LOAD obj/SKYROVER/u8g_line.o
LOAD obj/SKYROVER/u8g_ll_api.o
LOAD obj/SKYROVER/u8g_page.o
LOAD obj/SKYROVER/u8g_pb.o
LOAD obj/SKYROVER/u8g_pb14v1.o
LOAD obj/SKYROVER/u8g_pb16h1.o
LOAD obj/SKYROVER/u8g_pb16h2.o
LOAD obj/SKYROVER/u8g_pb16v1.o
LOAD obj/SKYROVER/u8g_pb16v2.o
LOAD obj/SKYROVER/u8g_pb32h1.o
LOAD obj/SKYROVER/u8g_pb8h1.o
LOAD obj/SKYROVER/u8g_pb8h1f.o
LOAD obj/SKYROVER/u8g_pb8h2.o
LOAD obj/SKYROVER/u8g_pb8h8.o
LOAD obj/SKYROVER/u8g_pb8v1.o
LOAD obj/SKYROVER/u8g_pb8v2.o
LOAD obj/SKYROVER/u8g_pbxh16.o
LOAD obj/SKYROVER/u8g_pbxh24.o
LOAD obj/SKYROVER/u8g_polygon.o
LOAD obj/SKYROVER/u8g_rect.o
LOAD obj/SKYROVER/u8g_rot.o
LOAD obj/SKYROVER/u8g_scale.o
LOAD obj/SKYROVER/u8g_state.o
LOAD obj/SKYROVER/u8g_u16toa.o
LOAD obj/SKYROVER/u8g_u8toa.o
LOAD obj/SKYROVER/u8g_virtual_screen.o
LOAD obj/SKYROVER/main.o
LOAD obj/SKYROVER/hardwareSerial.o
LOAD obj/SKYROVER/modeController.o
LOAD obj/SKYROVER/commandParser.o
LOAD obj/SKYROVER/globalClass.o
LOAD obj/SKYROVER/attitudeMode.o
LOAD obj/SKYROVER/actuatorMode.o
LOAD obj/SKYROVER/estimation.o
LOAD obj/SKYROVER/inertialSensor.o
LOAD obj/SKYROVER/motor.o
LOAD c:/program files (x86)/gnu tools arm embedded/4.9 2015q3/bin/../lib/gcc/arm-none-eabi/4.9.3/../../../../arm-none-eabi/lib/armv7-m\libm.a
START GROUP
LOAD c:/program files (x86)/gnu tools arm embedded/4.9 2015q3/bin/../lib/gcc/arm-none-eabi/4.9.3/armv7-m\libgcc.a
LOAD c:/program files (x86)/gnu tools arm embedded/4.9 2015q3/bin/../lib/gcc/arm-none-eabi/4.9.3/../../../../arm-none-eabi/lib/armv7-m\libc.a
END GROUP
START GROUP
LOAD c:/program files (x86)/gnu tools arm embedded/4.9 2015q3/bin/../lib/gcc/arm-none-eabi/4.9.3/armv7-m\libgcc.a
LOAD c:/program files (x86)/gnu tools arm embedded/4.9 2015q3/bin/../lib/gcc/arm-none-eabi/4.9.3/../../../../arm-none-eabi/lib/armv7-m\libc.a
LOAD c:/program files (x86)/gnu tools arm embedded/4.9 2015q3/bin/../lib/gcc/arm-none-eabi/4.9.3/../../../../arm-none-eabi/lib/armv7-m\libnosys.a
END GROUP
LOAD c:/program files (x86)/gnu tools arm embedded/4.9 2015q3/bin/../lib/gcc/arm-none-eabi/4.9.3/armv7-m/crtend.o
LOAD c:/program files (x86)/gnu tools arm embedded/4.9 2015q3/bin/../lib/gcc/arm-none-eabi/4.9.3/armv7-m/crtn.o
                0x20005000                _estack = 0x20005000
                0x00000000                _Min_Heap_Size = 0x0
                0x00000400                _Min_Stack_Size = 0x400

.isr_vector     0x08003000      0x10c
                0x08003000                . = ALIGN (0x4)
 *(.isr_vector)
 .isr_vector    0x08003000      0x10c obj/SKYROVER/startup_stm32f10x_md_gcc.o
                0x08003000                g_pfnVectors
                0x0800310c                . = ALIGN (0x4)

.text           0x08003110     0xd188
                0x08003110                . = ALIGN (0x4)
 *(.text)
 .text          0x08003110       0x5c c:/program files (x86)/gnu tools arm embedded/4.9 2015q3/bin/../lib/gcc/arm-none-eabi/4.9.3/armv7-m/crtbegin.o
 .text          0x0800316c      0x370 c:/program files (x86)/gnu tools arm embedded/4.9 2015q3/bin/../lib/gcc/arm-none-eabi/4.9.3/armv7-m\libgcc.a(_arm_addsubdf3.o)
                0x0800316c                __aeabi_drsub
                0x08003174                __aeabi_dsub
                0x08003174                __subdf3
                0x08003178                __aeabi_dadd
                0x08003178                __adddf3
                0x080033f0                __floatunsidf
                0x080033f0                __aeabi_ui2d
                0x08003410                __floatsidf
                0x08003410                __aeabi_i2d
                0x08003434                __aeabi_f2d
                0x08003434                __extendsfdf2
                0x08003470                __floatundidf
                0x08003470                __aeabi_ul2d
                0x08003480                __floatdidf
                0x08003480                __aeabi_l2d
 .text          0x080034dc      0x424 c:/program files (x86)/gnu tools arm embedded/4.9 2015q3/bin/../lib/gcc/arm-none-eabi/4.9.3/armv7-m\libgcc.a(_arm_muldivdf3.o)
                0x080034dc                __aeabi_dmul
                0x080034dc                __muldf3
                0x08003730                __divdf3
                0x08003730                __aeabi_ddiv
 .text          0x08003900       0xa0 c:/program files (x86)/gnu tools arm embedded/4.9 2015q3/bin/../lib/gcc/arm-none-eabi/4.9.3/armv7-m\libgcc.a(_arm_truncdfsf2.o)
                0x08003900                __truncdfsf2
                0x08003900                __aeabi_d2f
 .text          0x080039a0      0x21c c:/program files (x86)/gnu tools arm embedded/4.9 2015q3/bin/../lib/gcc/arm-none-eabi/4.9.3/armv7-m\libgcc.a(_arm_addsubsf3.o)
                0x080039a0                __aeabi_frsub
                0x080039a8                __subsf3
                0x080039a8                __aeabi_fsub
                0x080039ac                __aeabi_fadd
                0x080039ac                __addsf3
                0x08003b0c                __aeabi_ui2f
                0x08003b0c                __floatunsisf
                0x08003b14                __aeabi_i2f
                0x08003b14                __floatsisf
                0x08003b30                __aeabi_ul2f
                0x08003b30                __floatundisf
                0x08003b40                __aeabi_l2f
                0x08003b40                __floatdisf
 .text          0x08003bbc      0x2a0 c:/program files (x86)/gnu tools arm embedded/4.9 2015q3/bin/../lib/gcc/arm-none-eabi/4.9.3/armv7-m\libgcc.a(_arm_muldivsf3.o)
                0x08003bbc                __mulsf3
                0x08003bbc                __aeabi_fmul
                0x08003d24                __aeabi_fdiv
                0x08003d24                __divsf3
 .text          0x08003e5c       0xec c:/program files (x86)/gnu tools arm embedded/4.9 2015q3/bin/../lib/gcc/arm-none-eabi/4.9.3/armv7-m\libgcc.a(_arm_cmpsf2.o)
                0x08003e5c                __gesf2
                0x08003e5c                __gtsf2
                0x08003e64                __lesf2
                0x08003e64                __ltsf2
                0x08003e6c                __nesf2
                0x08003e6c                __eqsf2
                0x08003e6c                __cmpsf2
                0x08003ecc                __aeabi_cfrcmple
                0x08003ed4                __aeabi_cfcmpeq
                0x08003ed4                __aeabi_cfcmple
                0x08003ee4                __aeabi_fcmpeq
                0x08003ef8                __aeabi_fcmplt
                0x08003f0c                __aeabi_fcmple
                0x08003f20                __aeabi_fcmpge
                0x08003f34                __aeabi_fcmpgt
 .text          0x08003f48       0x4c c:/program files (x86)/gnu tools arm embedded/4.9 2015q3/bin/../lib/gcc/arm-none-eabi/4.9.3/armv7-m\libgcc.a(_arm_fixsfsi.o)
                0x08003f48                __aeabi_f2iz
                0x08003f48                __fixsfsi
 .text          0x08003f94       0x40 c:/program files (x86)/gnu tools arm embedded/4.9 2015q3/bin/../lib/gcc/arm-none-eabi/4.9.3/armv7-m\libgcc.a(_arm_fixunssfsi.o)
                0x08003f94                __fixunssfsi
                0x08003f94                __aeabi_f2uiz
 .text          0x08003fd4      0xa54 c:/program files (x86)/gnu tools arm embedded/4.9 2015q3/bin/../lib/gcc/arm-none-eabi/4.9.3/armv7-m\libgcc.a(unwind-arm.o)
                0x080042b4                _Unwind_GetCFA
                0x080042b8                __gnu_Unwind_RaiseException
                0x08004318                __gnu_Unwind_ForcedUnwind
                0x0800432c                __gnu_Unwind_Resume
                0x08004370                __gnu_Unwind_Resume_or_Rethrow
                0x08004384                _Unwind_Complete
                0x08004388                _Unwind_DeleteException
                0x08004394                _Unwind_VRS_Get
                0x080043e4                _Unwind_VRS_Set
                0x08004434                __gnu_Unwind_Backtrace
                0x08004778                __aeabi_unwind_cpp_pr0
                0x0800477c                __aeabi_unwind_cpp_pr1
                0x08004780                __aeabi_unwind_cpp_pr2
                0x08004784                _Unwind_VRS_Pop
 .text          0x08004a28      0x1ac c:/program files (x86)/gnu tools arm embedded/4.9 2015q3/bin/../lib/gcc/arm-none-eabi/4.9.3/armv7-m\libgcc.a(libunwind.o)
                0x08004a28                __restore_core_regs
                0x08004a28                restore_core_regs
                0x08004a40                __gnu_Unwind_Restore_VFP
                0x08004a48                __gnu_Unwind_Save_VFP
                0x08004a50                __gnu_Unwind_Restore_VFP_D
                0x08004a58                __gnu_Unwind_Save_VFP_D
                0x08004a60                __gnu_Unwind_Restore_VFP_D_16_to_31
                0x08004a68                __gnu_Unwind_Save_VFP_D_16_to_31
                0x08004a70                __gnu_Unwind_Restore_WMMXD
                0x08004ab4                __gnu_Unwind_Save_WMMXD
                0x08004af8                __gnu_Unwind_Restore_WMMXC
                0x08004b0c                __gnu_Unwind_Save_WMMXC
                0x08004b20                ___Unwind_RaiseException
                0x08004b20                _Unwind_RaiseException
                0x08004b44                _Unwind_Resume
                0x08004b44                ___Unwind_Resume
                0x08004b68                _Unwind_Resume_or_Rethrow
                0x08004b68                ___Unwind_Resume_or_Rethrow
                0x08004b8c                _Unwind_ForcedUnwind
                0x08004b8c                ___Unwind_ForcedUnwind
                0x08004bb0                ___Unwind_Backtrace
                0x08004bb0                _Unwind_Backtrace
 .text          0x08004bd4      0x37c c:/program files (x86)/gnu tools arm embedded/4.9 2015q3/bin/../lib/gcc/arm-none-eabi/4.9.3/armv7-m\libgcc.a(pr-support.o)
                0x08004c2c                __gnu_unwind_execute
                0x08004ef8                __gnu_unwind_frame
                0x08004f20                _Unwind_GetRegionStart
                0x08004f2c                _Unwind_GetLanguageSpecificData
                0x08004f40                _Unwind_GetDataRelBase
                0x08004f48                _Unwind_GetTextRelBase
 .text          0x08004f50       0xec c:/program files (x86)/gnu tools arm embedded/4.9 2015q3/bin/../lib/gcc/arm-none-eabi/4.9.3/../../../../arm-none-eabi/lib/armv7-m\libc.a(lib_a-memcpy.o)
                0x08004f50                memcpy
 *(.text*)
 .text.Reset_Handler
                0x0800503c       0xa4 obj/SKYROVER/startup_stm32f10x_md_gcc.o
                0x0800503c                Reset_Handler
 .text.Default_Handler
                0x080050e0        0x2 obj/SKYROVER/startup_stm32f10x_md_gcc.o
                0x080050e0                EXTI2_IRQHandler
                0x080050e0                DebugMon_Handler
                0x080050e0                HardFault_Handler
                0x080050e0                PVD_IRQHandler
                0x080050e0                NMI_Handler
                0x080050e0                EXTI3_IRQHandler
                0x080050e0                EXTI0_IRQHandler
                0x080050e0                UsageFault_Handler
                0x080050e0                ADC1_2_IRQHandler
                0x080050e0                SPI1_IRQHandler
                0x080050e0                TAMPER_IRQHandler
                0x080050e0                USART3_IRQHandler
                0x080050e0                RTC_IRQHandler
                0x080050e0                DMA1_Channel7_IRQHandler
                0x080050e0                CAN1_RX1_IRQHandler
                0x080050e0                DMA1_Channel6_IRQHandler
                0x080050e0                RCC_IRQHandler
                0x080050e0                TIM1_TRG_COM_IRQHandler
                0x080050e0                DMA1_Channel1_IRQHandler
                0x080050e0                Default_Handler
                0x080050e0                EXTI9_5_IRQHandler
                0x080050e0                SPI2_IRQHandler
                0x080050e0                MemManage_Handler
                0x080050e0                DMA1_Channel5_IRQHandler
                0x080050e0                EXTI4_IRQHandler
                0x080050e0                USB_HP_CAN1_TX_IRQHandler
                0x080050e0                DMA1_Channel3_IRQHandler
                0x080050e0                TIM1_UP_IRQHandler
                0x080050e0                WWDG_IRQHandler
                0x080050e0                TIM1_BRK_IRQHandler
                0x080050e0                EXTI1_IRQHandler
                0x080050e0                RTCAlarm_IRQHandler
                0x080050e0                DMA1_Channel2_IRQHandler
                0x080050e0                CAN1_SCE_IRQHandler
                0x080050e0                FLASH_IRQHandler
                0x080050e0                BusFault_Handler
 *fill*         0x080050e2        0x2 
 .text.validEEPROM
                0x080050e4       0x44 obj/SKYROVER/config.o
 .text.parseRcChannels
                0x08005128       0x30 obj/SKYROVER/config.o
                0x08005128                parseRcChannels
 .text.readEEPROM
                0x08005158      0x114 obj/SKYROVER/config.o
                0x08005158                readEEPROM
 .text.writeEEPROM
                0x0800526c       0xcc obj/SKYROVER/config.o
                0x0800526c                writeEEPROM
 .text.sensors  0x08005338       0x14 obj/SKYROVER/config.o
                0x08005338                sensors
 .text.sensorsSet
                0x0800534c       0x10 obj/SKYROVER/config.o
                0x0800534c                sensorsSet
 .text.sensorsClear
                0x0800535c       0x10 obj/SKYROVER/config.o
                0x0800535c                sensorsClear
 .text.feature  0x0800536c       0x14 obj/SKYROVER/config.o
                0x0800536c                feature
 .text.featureSet
                0x08005380       0x10 obj/SKYROVER/config.o
                0x08005380                featureSet
 .text.checkFirstTime
                0x08005390      0x318 obj/SKYROVER/config.o
                0x08005390                checkFirstTime
 .text.adcInit  0x080056a8       0xf0 obj/SKYROVER/drv_adc.o
                0x080056a8                adcInit
 .text.adcGetChannel
                0x08005798       0x10 obj/SKYROVER/drv_adc.o
                0x08005798                adcGetChannel
 .text.adxl345Read
                0x080057a8       0xe0 obj/SKYROVER/drv_adxl345.o
 .text.adxl345Init
                0x08005888       0x64 obj/SKYROVER/drv_adxl345.o
 .text.adxl345Detect
                0x080058ec       0x5c obj/SKYROVER/drv_adxl345.o
                0x080058ec                adxl345Detect
 .text.bma280Read
                0x08005948       0x5c obj/SKYROVER/drv_bma280.o
 .text.bma280Init
                0x080059a4       0x30 obj/SKYROVER/drv_bma280.o
 .text.bma280Detect
                0x080059d4       0x3c obj/SKYROVER/drv_bma280.o
                0x080059d4                bma280Detect
 .text.bmp085_calculate
                0x08005a10       0xdc obj/SKYROVER/drv_bmp085.o
 .text.bmp085_get_up
                0x08005aec       0x58 obj/SKYROVER/drv_bmp085.o
 .text.bmp085_get_ut
                0x08005b44       0x40 obj/SKYROVER/drv_bmp085.o
 .text.bmp085_start_up
                0x08005b84       0x24 obj/SKYROVER/drv_bmp085.o
 .text.bmp085_start_ut
                0x08005ba8       0x14 obj/SKYROVER/drv_bmp085.o
 .text.EXTI15_10_IRQHandler
                0x08005bbc       0x24 obj/SKYROVER/drv_bmp085.o
                0x08005bbc                EXTI15_10_IRQHandler
 .text.bmp085Detect
                0x08005be0      0x1dc obj/SKYROVER/drv_bmp085.o
                0x08005be0                bmp085Detect
 .text.gpioInit
                0x08005dbc       0x64 obj/SKYROVER/drv_gpio.o
                0x08005dbc                gpioInit
 .text.gpioExtiLineConfig
                0x08005e20       0x2a obj/SKYROVER/drv_gpio.o
                0x08005e20                gpioExtiLineConfig
 *fill*         0x08005e4a        0x2 
 .text.hmc5883lDetect
                0x08005e4c       0x38 obj/SKYROVER/drv_hmc5883l.o
                0x08005e4c                hmc5883lDetect
 .text.hmc5883lRead
                0x08005e84       0x8c obj/SKYROVER/drv_hmc5883l.o
                0x08005e84                hmc5883lRead
 .text.hmc5883lInit
                0x08005f10      0x1b4 obj/SKYROVER/drv_hmc5883l.o
                0x08005f10                hmc5883lInit
 .text.i2c_ev_handler
                0x080060c4      0x300 obj/SKYROVER/drv_i2c.o
 .text.I2C1_EV_IRQHandler
                0x080063c4        0x4 obj/SKYROVER/drv_i2c.o
                0x080063c4                I2C1_EV_IRQHandler
 .text.I2C2_EV_IRQHandler
                0x080063c8        0x4 obj/SKYROVER/drv_i2c.o
                0x080063c8                I2C2_EV_IRQHandler
 .text.i2cInit  0x080063cc      0x134 obj/SKYROVER/drv_i2c.o
                0x080063cc                i2cInit
 .text.i2c_er_handler
                0x08006500       0x98 obj/SKYROVER/drv_i2c.o
 .text.I2C1_ER_IRQHandler
                0x08006598        0x4 obj/SKYROVER/drv_i2c.o
                0x08006598                I2C1_ER_IRQHandler
 .text.I2C2_ER_IRQHandler
                0x0800659c        0x4 obj/SKYROVER/drv_i2c.o
                0x0800659c                I2C2_ER_IRQHandler
 .text.i2cWriteBuffer
                0x080065a0       0xb4 obj/SKYROVER/drv_i2c.o
                0x080065a0                i2cWriteBuffer
 .text.i2cWrite
                0x08006654       0x14 obj/SKYROVER/drv_i2c.o
                0x08006654                i2cWrite
 .text.i2cRead  0x08006668       0xb4 obj/SKYROVER/drv_i2c.o
                0x08006668                i2cRead
 .text.l3g4200dRead
                0x0800671c       0x68 obj/SKYROVER/drv_l3g4200d.o
 .text.l3g4200dInit
                0x08006784       0x44 obj/SKYROVER/drv_l3g4200d.o
 .text.l3g4200dDetect
                0x080067c8       0x64 obj/SKYROVER/drv_l3g4200d.o
                0x080067c8                l3g4200dDetect
 .text.mma8452Read
                0x0800682c       0x70 obj/SKYROVER/drv_mma845x.o
 .text.mma8452Init
                0x0800689c       0x90 obj/SKYROVER/drv_mma845x.o
 .text.mma8452Detect
                0x0800692c       0x5c obj/SKYROVER/drv_mma845x.o
                0x0800692c                mma8452Detect
 .text.mpu3050ReadTemp
                0x08006988       0x32 obj/SKYROVER/drv_mpu3050.o
 *fill*         0x080069ba        0x2 
 .text.mpu3050Read
                0x080069bc       0x68 obj/SKYROVER/drv_mpu3050.o
 .text.mpu3050Init
                0x08006a24       0x5c obj/SKYROVER/drv_mpu3050.o
 .text.mpu3050Detect
                0x08006a80       0x78 obj/SKYROVER/drv_mpu3050.o
                0x08006a80                mpu3050Detect
 .text.mpu6050AccInit
                0x08006af8       0x28 obj/SKYROVER/drv_mpu6050.o
 .text.mpu6050GyroInit
                0x08006b20       0xa8 obj/SKYROVER/drv_mpu6050.o
 .text.mpu6050AccRead
                0x08006bc8       0x54 obj/SKYROVER/drv_mpu6050.o
                0x08006bc8                mpu6050AccRead
 .text.mpu6050GyroRead
                0x08006c1c       0x68 obj/SKYROVER/drv_mpu6050.o
                0x08006c1c                mpu6050GyroRead
 .text.mpu6050Detect
                0x08006c84      0x11c obj/SKYROVER/drv_mpu6050.o
                0x08006c84                mpu6050Detect
 .text.ms5611_calculate
                0x08006da0      0x148 obj/SKYROVER/drv_ms5611.o
 .text.ms5611_read_adc
                0x08006ee8       0x28 obj/SKYROVER/drv_ms5611.o
 .text.ms5611_get_up
                0x08006f10       0x10 obj/SKYROVER/drv_ms5611.o
 .text.ms5611_get_ut
                0x08006f20       0x10 obj/SKYROVER/drv_ms5611.o
 .text.ms5611_start_up
                0x08006f30        0xa obj/SKYROVER/drv_ms5611.o
 .text.ms5611_start_ut
                0x08006f3a        0xa obj/SKYROVER/drv_ms5611.o
 .text.ms5611Detect
                0x08006f44      0x13c obj/SKYROVER/drv_ms5611.o
                0x08006f44                ms5611Detect
 .text.pwmWriteBrushed
                0x08007080       0x24 obj/SKYROVER/drv_pwm.o
                0x08007080                pwmWriteBrushed
 .text.pwmWriteStandard
                0x080070a4       0x10 obj/SKYROVER/drv_pwm.o
 .text.pwmOutConfig
                0x080070b4      0x130 obj/SKYROVER/drv_pwm.o
 .text.ppmCallback
                0x080071e4       0x8c obj/SKYROVER/drv_pwm.o
 .text.pwmICConfig
                0x08007270       0x32 obj/SKYROVER/drv_pwm.o
                0x08007270                pwmICConfig
 *fill*         0x080072a2        0x2 
 .text.pwmCallback
                0x080072a4       0x5c obj/SKYROVER/drv_pwm.o
 .text.pwmInConfig
                0x08007300       0x64 obj/SKYROVER/drv_pwm.o
 .text.pwmInit  0x08007364      0x150 obj/SKYROVER/drv_pwm.o
                0x08007364                pwmInit
 .text.pwmRead  0x080074b4        0xc obj/SKYROVER/drv_pwm.o
                0x080074b4                pwmRead
 .text.serialWrite
                0x080074c0       0x1c obj/SKYROVER/drv_serial.o
                0x080074c0                serialWrite
 .text.serialPrint
                0x080074dc       0x16 obj/SKYROVER/drv_serial.o
                0x080074dc                serialPrint
 .text.softSerialTotalBytesWaiting
                0x080074f2       0x1a obj/SKYROVER/drv_softserial.o
                0x080074f2                softSerialTotalBytesWaiting
 .text.softSerialWriteByte
                0x0800750c       0x18 obj/SKYROVER/drv_softserial.o
                0x0800750c                softSerialWriteByte
 .text.softSerialSetBaudRate
                0x08007524        0x2 obj/SKYROVER/drv_softserial.o
                0x08007524                softSerialSetBaudRate
 .text.isSoftSerialTransmitBufferEmpty
                0x08007526        0xc obj/SKYROVER/drv_softserial.o
                0x08007526                isSoftSerialTransmitBufferEmpty
 .text.softSerialReadByte
                0x08007532       0x22 obj/SKYROVER/drv_softserial.o
                0x08007532                softSerialReadByte
 .text.readRxSignal
                0x08007554       0x20 obj/SKYROVER/drv_softserial.o
                0x08007554                readRxSignal
 .text.setTxSignal
                0x08007574       0x2a obj/SKYROVER/drv_softserial.o
                0x08007574                setTxSignal
 .text.serialInputPortConfig
                0x0800759e       0x24 obj/SKYROVER/drv_softserial.o
                0x0800759e                serialInputPortConfig
 *fill*         0x080075c2        0x2 
 .text.serialTimerConfig
                0x080075c4       0x2c obj/SKYROVER/drv_softserial.o
                0x080075c4                serialTimerConfig
 .text.serialOutputPortConfig
                0x080075f0       0x24 obj/SKYROVER/drv_softserial.o
                0x080075f0                serialOutputPortConfig
 .text.setupSoftSerial1
                0x08007614       0x8c obj/SKYROVER/drv_softserial.o
                0x08007614                setupSoftSerial1
 .text.updateBufferIndex
                0x080076a0       0x12 obj/SKYROVER/drv_softserial.o
                0x080076a0                updateBufferIndex
 .text.searchForStartBit
                0x080076b2       0x32 obj/SKYROVER/drv_softserial.o
                0x080076b2                searchForStartBit
 .text.searchForStopBit
                0x080076e4       0x38 obj/SKYROVER/drv_softserial.o
                0x080076e4                searchForStopBit
 .text.readDataBit
                0x0800771c       0x40 obj/SKYROVER/drv_softserial.o
                0x0800771c                readDataBit
 .text.processRxState
                0x0800775c       0x28 obj/SKYROVER/drv_softserial.o
                0x0800775c                processRxState
 .text.processTxState
                0x08007784       0x78 obj/SKYROVER/drv_softserial.o
                0x08007784                processTxState
 .text.onSerialTimer
                0x080077fc       0x20 obj/SKYROVER/drv_softserial.o
                0x080077fc                onSerialTimer
 .text.spiTransfer
                0x0800781c       0x54 obj/SKYROVER/drv_spi.o
                0x0800781c                spiTransfer
 .text.spiInit  0x08007870       0xf4 obj/SKYROVER/drv_spi.o
                0x08007870                spiInit
 .text.SysTick_Handler
                0x08007964       0x1c obj/SKYROVER/drv_system.o
                0x08007964                SysTick_Handler
 .text.micros   0x08007980       0x34 obj/SKYROVER/drv_system.o
                0x08007980                micros
 .text.millis   0x080079b4        0xc obj/SKYROVER/drv_system.o
                0x080079b4                millis
 .text.delayMicroseconds
                0x080079c0       0x16 obj/SKYROVER/drv_system.o
                0x080079c0                delayMicroseconds
 .text.delay    0x080079d6       0x14 obj/SKYROVER/drv_system.o
                0x080079d6                delay
 *fill*         0x080079ea        0x2 
 .text.systemInit
                0x080079ec      0x118 obj/SKYROVER/drv_system.o
                0x080079ec                systemInit
 .text.failureMode
                0x08007b04       0x38 obj/SKYROVER/drv_system.o
                0x08007b04                failureMode
 .text.systemBeep
                0x08007b3c        0x2 obj/SKYROVER/drv_system.o
                0x08007b3c                systemBeep
 *fill*         0x08007b3e        0x2 
 .text.configureTimerChannelCallback
                0x08007b40       0x48 obj/SKYROVER/drv_timer.o
                0x08007b40                configureTimerChannelCallback
 .text.configureTimerInputCaptureCompareChannel
                0x08007b88       0x2c obj/SKYROVER/drv_timer.o
                0x08007b88                configureTimerInputCaptureCompareChannel
 .text.configureTimerCaptureCompareInterrupt
                0x08007bb4       0x1e obj/SKYROVER/drv_timer.o
                0x08007bb4                configureTimerCaptureCompareInterrupt
 .text.timerNVICConfig
                0x08007bd2       0x22 obj/SKYROVER/drv_timer.o
                0x08007bd2                timerNVICConfig
 .text.configTimeBase
                0x08007bf4       0x48 obj/SKYROVER/drv_timer.o
                0x08007bf4                configTimeBase
 .text.timerInConfig
                0x08007c3c       0x1c obj/SKYROVER/drv_timer.o
                0x08007c3c                timerInConfig
 .text.findTimerConfig
                0x08007c58       0x3c obj/SKYROVER/drv_timer.o
                0x08007c58                findTimerConfig
 .text.timCCxHandler
                0x08007c94       0xa2 obj/SKYROVER/drv_timer.o
 *fill*         0x08007d36        0x2 
 .text.TIM1_CC_IRQHandler
                0x08007d38        0xc obj/SKYROVER/drv_timer.o
                0x08007d38                TIM1_CC_IRQHandler
 .text.TIM2_IRQHandler
                0x08007d44        0x8 obj/SKYROVER/drv_timer.o
                0x08007d44                TIM2_IRQHandler
 .text.TIM3_IRQHandler
                0x08007d4c        0xc obj/SKYROVER/drv_timer.o
                0x08007d4c                TIM3_IRQHandler
 .text.TIM4_IRQHandler
                0x08007d58        0xc obj/SKYROVER/drv_timer.o
                0x08007d58                TIM4_IRQHandler
 .text.uartTotalBytesWaiting
                0x08007d64       0x16 obj/SKYROVER/drv_uart.o
                0x08007d64                uartTotalBytesWaiting
 .text.isUartTransmitBufferEmpty
                0x08007d7a       0x16 obj/SKYROVER/drv_uart.o
                0x08007d7a                isUartTransmitBufferEmpty
 .text.uartSetBaudRate
                0x08007d90       0x4e obj/SKYROVER/drv_uart.o
                0x08007d90                uartSetBaudRate
 .text.uartStartTxDMA
                0x08007dde       0x34 obj/SKYROVER/drv_uart.o
 .text.uartRead
                0x08007e12       0x32 obj/SKYROVER/drv_uart.o
                0x08007e12                uartRead
 .text.uartWrite
                0x08007e44       0x3c obj/SKYROVER/drv_uart.o
                0x08007e44                uartWrite
 .text.serialUSART1
                0x08007e80       0xa4 obj/SKYROVER/drv_uart.o
                0x08007e80                serialUSART1
 .text.serialUSART2
                0x08007f24       0xa4 obj/SKYROVER/drv_uart.o
                0x08007f24                serialUSART2
 .text.uartOpen
                0x08007fc8      0x178 obj/SKYROVER/drv_uart.o
                0x08007fc8                uartOpen
 .text.DMA1_Channel4_IRQHandler
                0x08008140       0x34 obj/SKYROVER/drv_uart.o
                0x08008140                DMA1_Channel4_IRQHandler
 .text.USART1_IRQHandler
                0x08008174       0x38 obj/SKYROVER/drv_uart.o
                0x08008174                USART1_IRQHandler
 .text.USART2_IRQHandler
                0x080081ac       0x70 obj/SKYROVER/drv_uart.o
                0x080081ac                USART2_IRQHandler
 .text.Hw_VCom_Init
                0x0800821c       0x24 obj/SKYROVER/drv_vcom.o
                0x0800821c                Hw_VCom_Init
 .text.Hw_VCom_Getch
                0x08008240       0x26 obj/SKYROVER/drv_vcom.o
                0x08008240                Hw_VCom_Getch
 .text.Hw_VCom_IsReceived
                0x08008266       0x10 obj/SKYROVER/drv_vcom.o
                0x08008266                Hw_VCom_IsReceived
 *fill*         0x08008276        0x2 
 .text.Hw_VCom_Putch
                0x08008278       0x14 obj/SKYROVER/drv_vcom.o
                0x08008278                Hw_VCom_Putch
 .text.Hw_VCom_Q_Init
                0x0800828c       0x14 obj/SKYROVER/drv_vcom_q.o
                0x0800828c                Hw_VCom_Q_Init
 .text.HW_VCOM_Q_SIZE
                0x080082a0       0x38 obj/SKYROVER/drv_vcom_q.o
                0x080082a0                HW_VCOM_Q_SIZE
 .text.HW_VCOM_Q_VAILD
                0x080082d8        0x4 obj/SKYROVER/drv_vcom_q.o
                0x080082d8                HW_VCOM_Q_VAILD
 .text.Hw_VCom_Q_Push
                0x080082dc       0x60 obj/SKYROVER/drv_vcom_q.o
                0x080082dc                Hw_VCom_Q_Push
 .text.Hw_VCom_Q_Pop
                0x0800833c       0x54 obj/SKYROVER/drv_vcom_q.o
                0x0800833c                Hw_VCom_Q_Pop
 .text.gpsSetState
                0x08008390       0x18 obj/SKYROVER/gps.o
 .text.GPS_calc_longitude_scaling
                0x080083a8       0x3c obj/SKYROVER/gps.o
 .text.GPS_distance_cm_bearing.isra.3
                0x080083e4       0x84 obj/SKYROVER/gps.o
 .text.get_I.isra.4
                0x08008468       0x4e obj/SKYROVER/gps.o
 *fill*         0x080084b6        0x2 
 .text.grab_fields.constprop.7
                0x080084b8       0x3c obj/SKYROVER/gps.o
 .text.GPS_reset_home_position
                0x080084f4       0x48 obj/SKYROVER/gps.o
                0x080084f4                GPS_reset_home_position
 .text.gpsSetPIDs
                0x0800853c       0xa4 obj/SKYROVER/gps.o
                0x0800853c                gpsSetPIDs
 .text.gpsInit  0x080085e0       0x70 obj/SKYROVER/gps.o
                0x080085e0                gpsInit
 .text.wrap_18000
                0x08008650       0x24 obj/SKYROVER/gps.o
                0x08008650                wrap_18000
 .text.GPS_coord_to_degrees
                0x08008674       0xa0 obj/SKYROVER/gps.o
                0x08008674                GPS_coord_to_degrees
 *fill*         0x08008714        0x4 
 .text.gpsNewData
                0x08008718      0xbc4 obj/SKYROVER/gps.o
 .text.hexairbotReadRawRC
                0x080092dc        0xc obj/SKYROVER/hexairbot.o
 .text.hexairbotInit
                0x080092e8       0x18 obj/SKYROVER/hexairbot.o
                0x080092e8                hexairbotInit
 .text.calculateHeading
                0x08009300       0xf8 obj/SKYROVER/imu.o
 .text.imuInit  0x080093f8       0x58 obj/SKYROVER/imu.o
                0x080093f8                imuInit
 .text.rotateV  0x08009450      0x170 obj/SKYROVER/imu.o
                0x08009450                rotateV
 .text.applyDeadband
                0x080095c0       0x1e obj/SKYROVER/imu.o
                0x080095c0                applyDeadband
 *fill*         0x080095de        0x2 
 .text.acc_calc
                0x080095e0      0x190 obj/SKYROVER/imu.o
                0x080095e0                acc_calc
 .text.calculateAngleMW
                0x08009770      0x2e0 obj/SKYROVER/imu.o
                0x08009770                calculateAngleMW
 .text.mixerResetMotors
                0x08009a50       0x30 obj/SKYROVER/mixer.o
                0x08009a50                mixerResetMotors
 .text.mixerInit
                0x08009a80      0x118 obj/SKYROVER/mixer.o
                0x08009a80                mixerInit
 .text.pidMultiWii
                0x08009b98      0x22c obj/SKYROVER/mw.o
 .text.pidRewrite
                0x08009dc4      0x164 obj/SKYROVER/mw.o
 .text.blinkLED
                0x08009f28       0x48 obj/SKYROVER/mw.o
                0x08009f28                blinkLED
 .text.pwmReadRawRC
                0x08009f70       0x28 obj/SKYROVER/mw.o
                0x08009f70                pwmReadRawRC
 .text.setPIDController
                0x08009f98       0x1c obj/SKYROVER/mw.o
                0x08009f98                setPIDController
 .text.init_printf
                0x08009fb4       0x14 obj/SKYROVER/printf.o
                0x08009fb4                init_printf
 .text.sbusReadRawRC
                0x08009fc8       0x20 obj/SKYROVER/sbus.o
 .text.sbusDataReceive
                0x08009fe8       0x58 obj/SKYROVER/sbus.o
 .text.sbusInit
                0x0800a040       0x58 obj/SKYROVER/sbus.o
                0x0800a040                sbusInit
 .text.sensorsAutodetect
                0x0800a098      0x1cc obj/SKYROVER/sensors.o
                0x0800a098                sensorsAutodetect
 .text.batteryAdcToVoltage
                0x0800a264       0x3c obj/SKYROVER/sensors.o
                0x0800a264                batteryAdcToVoltage
 .text.batteryInit
                0x0800a2a0       0x54 obj/SKYROVER/sensors.o
                0x0800a2a0                batteryInit
 .text.Mag_init
                0x0800a2f4       0x20 obj/SKYROVER/sensors.o
                0x0800a2f4                Mag_init
 .text.serialInit
                0x0800a314      0x118 obj/SKYROVER/serial.o
                0x0800a314                serialInit
 .text.spektrumDataReceive
                0x0800a42c       0x68 obj/SKYROVER/spektrum.o
 .text.spektrumReadRawRC
                0x0800a494       0x98 obj/SKYROVER/spektrum.o
 .text.spektrumInit
                0x0800a52c       0x68 obj/SKYROVER/spektrum.o
                0x0800a52c                spektrumInit
 .text.sumdReadRawRC
                0x0800a594       0x1c obj/SKYROVER/sumd.o
 .text.sumdDataReceive
                0x0800a5b0       0x74 obj/SKYROVER/sumd.o
 .text.sumdInit
                0x0800a624       0x30 obj/SKYROVER/sumd.o
                0x0800a624                sumdInit
 .text.initTelemetry
                0x0800a654       0x30 obj/SKYROVER/telemetry.o
                0x0800a654                initTelemetry
 .text.constrain
                0x0800a684       0x10 obj/SKYROVER/utils.o
                0x0800a684                constrain
 *fill*         0x0800a694        0x4 
 .text.initBoardAlignment
                0x0800a698      0x170 obj/SKYROVER/utils.o
                0x0800a698                initBoardAlignment
 .text.alignBoard
                0x0800a808       0xc4 obj/SKYROVER/utils.o
                0x0800a808                alignBoard
 .text.alignSensors
                0x0800a8cc       0x7c obj/SKYROVER/utils.o
                0x0800a8cc                alignSensors
 .text._ZL5_putcPvc
                0x0800a948        0xc obj/SKYROVER/cupdroneHardwareSetup.o
 .text._Z21cupdroneHardwareSetupv
                0x0800a954      0x2c8 obj/SKYROVER/cupdroneHardwareSetup.o
                0x0800a954                cupdroneHardwareSetup()
 .text.SystemInit
                0x0800ac1c       0x4c obj/SKYROVER/system_stm32f10x.o
                0x0800ac1c                SystemInit
 .text.SetSysClock
                0x0800ac68       0x98 obj/SKYROVER/system_stm32f10x.o
                0x0800ac68                SetSysClock
 .text.NVIC_PriorityGroupConfig
                0x0800ad00       0x14 obj/SKYROVER/misc.o
                0x0800ad00                NVIC_PriorityGroupConfig
 .text.NVIC_Init
                0x0800ad14       0x6c obj/SKYROVER/misc.o
                0x0800ad14                NVIC_Init
 .text.ADC_Init
                0x0800ad80       0x48 obj/SKYROVER/stm32f10x_adc.o
                0x0800ad80                ADC_Init
 .text.ADC_Cmd  0x0800adc8       0x12 obj/SKYROVER/stm32f10x_adc.o
                0x0800adc8                ADC_Cmd
 .text.ADC_DMACmd
                0x0800adda       0x12 obj/SKYROVER/stm32f10x_adc.o
                0x0800adda                ADC_DMACmd
 .text.ADC_ResetCalibration
                0x0800adec        0xa obj/SKYROVER/stm32f10x_adc.o
                0x0800adec                ADC_ResetCalibration
 .text.ADC_GetResetCalibrationStatus
                0x0800adf6        0x8 obj/SKYROVER/stm32f10x_adc.o
                0x0800adf6                ADC_GetResetCalibrationStatus
 .text.ADC_StartCalibration
                0x0800adfe        0xa obj/SKYROVER/stm32f10x_adc.o
                0x0800adfe                ADC_StartCalibration
 .text.ADC_GetCalibrationStatus
                0x0800ae08        0x8 obj/SKYROVER/stm32f10x_adc.o
                0x0800ae08                ADC_GetCalibrationStatus
 .text.ADC_SoftwareStartConvCmd
                0x0800ae10       0x12 obj/SKYROVER/stm32f10x_adc.o
                0x0800ae10                ADC_SoftwareStartConvCmd
 .text.ADC_RegularChannelConfig
                0x0800ae22       0x84 obj/SKYROVER/stm32f10x_adc.o
                0x0800ae22                ADC_RegularChannelConfig
 *fill*         0x0800aea6        0x2 
 .text.DMA_DeInit
                0x0800aea8       0xf0 obj/SKYROVER/stm32f10x_dma.o
                0x0800aea8                DMA_DeInit
 .text.DMA_Init
                0x0800af98       0x3c obj/SKYROVER/stm32f10x_dma.o
                0x0800af98                DMA_Init
 .text.DMA_StructInit
                0x0800afd4       0x1a obj/SKYROVER/stm32f10x_dma.o
                0x0800afd4                DMA_StructInit
 .text.DMA_Cmd  0x0800afee       0x16 obj/SKYROVER/stm32f10x_dma.o
                0x0800afee                DMA_Cmd
 .text.DMA_ITConfig
                0x0800b004       0x10 obj/SKYROVER/stm32f10x_dma.o
                0x0800b004                DMA_ITConfig
 .text.DMA_SetCurrDataCounter
                0x0800b014        0x4 obj/SKYROVER/stm32f10x_dma.o
                0x0800b014                DMA_SetCurrDataCounter
 .text.DMA_GetCurrDataCounter
                0x0800b018        0x6 obj/SKYROVER/stm32f10x_dma.o
                0x0800b018                DMA_GetCurrDataCounter
 *fill*         0x0800b01e        0x2 
 .text.DMA_ClearITPendingBit
                0x0800b020       0x14 obj/SKYROVER/stm32f10x_dma.o
                0x0800b020                DMA_ClearITPendingBit
 .text.EXTI_Init
                0x0800b034       0x78 obj/SKYROVER/stm32f10x_exti.o
                0x0800b034                EXTI_Init
 .text.EXTI_GetITStatus
                0x0800b0ac       0x1c obj/SKYROVER/stm32f10x_exti.o
                0x0800b0ac                EXTI_GetITStatus
 .text.EXTI_ClearITPendingBit
                0x0800b0c8        0xc obj/SKYROVER/stm32f10x_exti.o
                0x0800b0c8                EXTI_ClearITPendingBit
 .text.FLASH_SetLatency
                0x0800b0d4       0x14 obj/SKYROVER/stm32f10x_flash.o
                0x0800b0d4                FLASH_SetLatency
 .text.FLASH_PrefetchBufferCmd
                0x0800b0e8       0x18 obj/SKYROVER/stm32f10x_flash.o
                0x0800b0e8                FLASH_PrefetchBufferCmd
 .text.FLASH_Unlock
                0x0800b100       0x18 obj/SKYROVER/stm32f10x_flash.o
                0x0800b100                FLASH_Unlock
 .text.FLASH_Lock
                0x0800b118       0x10 obj/SKYROVER/stm32f10x_flash.o
                0x0800b118                FLASH_Lock
 .text.FLASH_ClearFlag
                0x0800b128        0xc obj/SKYROVER/stm32f10x_flash.o
                0x0800b128                FLASH_ClearFlag
 .text.FLASH_GetBank1Status
                0x0800b134       0x28 obj/SKYROVER/stm32f10x_flash.o
                0x0800b134                FLASH_GetBank1Status
 .text.FLASH_WaitForLastOperation
                0x0800b15c       0x22 obj/SKYROVER/stm32f10x_flash.o
                0x0800b15c                FLASH_WaitForLastOperation
 *fill*         0x0800b17e        0x2 
 .text.FLASH_ErasePage
                0x0800b180       0x3c obj/SKYROVER/stm32f10x_flash.o
                0x0800b180                FLASH_ErasePage
 .text.FLASH_ProgramWord
                0x0800b1bc       0x54 obj/SKYROVER/stm32f10x_flash.o
                0x0800b1bc                FLASH_ProgramWord
 .text.GPIO_Init
                0x0800b210       0x9c obj/SKYROVER/stm32f10x_gpio.o
                0x0800b210                GPIO_Init
 .text.GPIO_SetBits
                0x0800b2ac        0x4 obj/SKYROVER/stm32f10x_gpio.o
                0x0800b2ac                GPIO_SetBits
 .text.GPIO_ResetBits
                0x0800b2b0        0x4 obj/SKYROVER/stm32f10x_gpio.o
                0x0800b2b0                GPIO_ResetBits
 .text.I2C_DeInit
                0x0800b2b4       0x34 obj/SKYROVER/stm32f10x_i2c.o
                0x0800b2b4                I2C_DeInit
 .text.I2C_Init
                0x0800b2e8       0xd4 obj/SKYROVER/stm32f10x_i2c.o
                0x0800b2e8                I2C_Init
 .text.I2C_StructInit
                0x0800b3bc       0x1c obj/SKYROVER/stm32f10x_i2c.o
                0x0800b3bc                I2C_StructInit
 .text.I2C_Cmd  0x0800b3d8       0x18 obj/SKYROVER/stm32f10x_i2c.o
                0x0800b3d8                I2C_Cmd
 .text.I2C_GenerateSTART
                0x0800b3f0       0x18 obj/SKYROVER/stm32f10x_i2c.o
                0x0800b3f0                I2C_GenerateSTART
 .text.I2C_GenerateSTOP
                0x0800b408       0x18 obj/SKYROVER/stm32f10x_i2c.o
                0x0800b408                I2C_GenerateSTOP
 .text.I2C_AcknowledgeConfig
                0x0800b420       0x18 obj/SKYROVER/stm32f10x_i2c.o
                0x0800b420                I2C_AcknowledgeConfig
 .text.I2C_ITConfig
                0x0800b438       0x12 obj/SKYROVER/stm32f10x_i2c.o
                0x0800b438                I2C_ITConfig
 .text.I2C_SendData
                0x0800b44a        0x4 obj/SKYROVER/stm32f10x_i2c.o
                0x0800b44a                I2C_SendData
 .text.I2C_ReceiveData
                0x0800b44e        0x6 obj/SKYROVER/stm32f10x_i2c.o
                0x0800b44e                I2C_ReceiveData
 .text.I2C_Send7bitAddress
                0x0800b454       0x12 obj/SKYROVER/stm32f10x_i2c.o
                0x0800b454                I2C_Send7bitAddress
 *fill*         0x0800b466        0x2 
 .text.RCC_DeInit
                0x0800b468       0x40 obj/SKYROVER/stm32f10x_rcc.o
                0x0800b468                RCC_DeInit
 .text.RCC_HSEConfig
                0x0800b4a8       0x38 obj/SKYROVER/stm32f10x_rcc.o
                0x0800b4a8                RCC_HSEConfig
 .text.RCC_PLLConfig
                0x0800b4e0       0x14 obj/SKYROVER/stm32f10x_rcc.o
                0x0800b4e0                RCC_PLLConfig
 .text.RCC_PLLCmd
                0x0800b4f4        0xc obj/SKYROVER/stm32f10x_rcc.o
                0x0800b4f4                RCC_PLLCmd
 .text.RCC_SYSCLKConfig
                0x0800b500       0x14 obj/SKYROVER/stm32f10x_rcc.o
                0x0800b500                RCC_SYSCLKConfig
 .text.RCC_GetSYSCLKSource
                0x0800b514       0x10 obj/SKYROVER/stm32f10x_rcc.o
                0x0800b514                RCC_GetSYSCLKSource
 .text.RCC_HCLKConfig
                0x0800b524       0x14 obj/SKYROVER/stm32f10x_rcc.o
                0x0800b524                RCC_HCLKConfig
 .text.RCC_PCLK1Config
                0x0800b538       0x14 obj/SKYROVER/stm32f10x_rcc.o
                0x0800b538                RCC_PCLK1Config
 .text.RCC_PCLK2Config
                0x0800b54c       0x14 obj/SKYROVER/stm32f10x_rcc.o
                0x0800b54c                RCC_PCLK2Config
 .text.RCC_USBCLKConfig
                0x0800b560        0xc obj/SKYROVER/stm32f10x_rcc.o
                0x0800b560                RCC_USBCLKConfig
 .text.RCC_GetClocksFreq
                0x0800b56c       0x98 obj/SKYROVER/stm32f10x_rcc.o
                0x0800b56c                RCC_GetClocksFreq
 .text.RCC_AHBPeriphClockCmd
                0x0800b604       0x18 obj/SKYROVER/stm32f10x_rcc.o
                0x0800b604                RCC_AHBPeriphClockCmd
 .text.RCC_APB2PeriphClockCmd
                0x0800b61c       0x18 obj/SKYROVER/stm32f10x_rcc.o
                0x0800b61c                RCC_APB2PeriphClockCmd
 .text.RCC_APB1PeriphClockCmd
                0x0800b634       0x18 obj/SKYROVER/stm32f10x_rcc.o
                0x0800b634                RCC_APB1PeriphClockCmd
 .text.RCC_APB2PeriphResetCmd
                0x0800b64c       0x18 obj/SKYROVER/stm32f10x_rcc.o
                0x0800b64c                RCC_APB2PeriphResetCmd
 .text.RCC_APB1PeriphResetCmd
                0x0800b664       0x18 obj/SKYROVER/stm32f10x_rcc.o
                0x0800b664                RCC_APB1PeriphResetCmd
 .text.RCC_GetFlagStatus
                0x0800b67c       0x28 obj/SKYROVER/stm32f10x_rcc.o
                0x0800b67c                RCC_GetFlagStatus
 .text.RCC_WaitForHSEStartUp
                0x0800b6a4       0x30 obj/SKYROVER/stm32f10x_rcc.o
                0x0800b6a4                RCC_WaitForHSEStartUp
 .text.RCC_ClearFlag
                0x0800b6d4       0x10 obj/SKYROVER/stm32f10x_rcc.o
                0x0800b6d4                RCC_ClearFlag
 .text.SPI_I2S_DeInit
                0x0800b6e4       0x64 obj/SKYROVER/stm32f10x_spi.o
                0x0800b6e4                SPI_I2S_DeInit
 .text.SPI_Init
                0x0800b748       0x3e obj/SKYROVER/stm32f10x_spi.o
                0x0800b748                SPI_Init
 .text.SPI_Cmd  0x0800b786       0x18 obj/SKYROVER/stm32f10x_spi.o
                0x0800b786                SPI_Cmd
 .text.SPI_I2S_SendData
                0x0800b79e        0x4 obj/SKYROVER/stm32f10x_spi.o
                0x0800b79e                SPI_I2S_SendData
 .text.SPI_I2S_ReceiveData
                0x0800b7a2        0x6 obj/SKYROVER/stm32f10x_spi.o
                0x0800b7a2                SPI_I2S_ReceiveData
 .text.SPI_I2S_GetFlagStatus
                0x0800b7a8        0xc obj/SKYROVER/stm32f10x_spi.o
                0x0800b7a8                SPI_I2S_GetFlagStatus
 .text.TI1_Config
                0x0800b7b4       0x68 obj/SKYROVER/stm32f10x_tim.o
 .text.TI2_Config
                0x0800b81c       0x78 obj/SKYROVER/stm32f10x_tim.o
 .text.TIM_TimeBaseInit
                0x0800b894       0x94 obj/SKYROVER/stm32f10x_tim.o
                0x0800b894                TIM_TimeBaseInit
 .text.TIM_OC1Init
                0x0800b928       0x88 obj/SKYROVER/stm32f10x_tim.o
                0x0800b928                TIM_OC1Init
 .text.TIM_OC2Init
                0x0800b9b0       0x88 obj/SKYROVER/stm32f10x_tim.o
                0x0800b9b0                TIM_OC2Init
 .text.TIM_OC3Init
                0x0800ba38       0x84 obj/SKYROVER/stm32f10x_tim.o
                0x0800ba38                TIM_OC3Init
 .text.TIM_OC4Init
                0x0800babc       0x68 obj/SKYROVER/stm32f10x_tim.o
                0x0800babc                TIM_OC4Init
 .text.TIM_TimeBaseStructInit
                0x0800bb24       0x12 obj/SKYROVER/stm32f10x_tim.o
                0x0800bb24                TIM_TimeBaseStructInit
 .text.TIM_OCStructInit
                0x0800bb36       0x14 obj/SKYROVER/stm32f10x_tim.o
                0x0800bb36                TIM_OCStructInit
 .text.TIM_ICStructInit
                0x0800bb4a       0x10 obj/SKYROVER/stm32f10x_tim.o
                0x0800bb4a                TIM_ICStructInit
 .text.TIM_Cmd  0x0800bb5a       0x18 obj/SKYROVER/stm32f10x_tim.o
                0x0800bb5a                TIM_Cmd
 .text.TIM_CtrlPWMOutputs
                0x0800bb72       0x1c obj/SKYROVER/stm32f10x_tim.o
                0x0800bb72                TIM_CtrlPWMOutputs
 .text.TIM_ITConfig
                0x0800bb8e       0x12 obj/SKYROVER/stm32f10x_tim.o
                0x0800bb8e                TIM_ITConfig
 .text.TIM_OC1PreloadConfig
                0x0800bba0       0x10 obj/SKYROVER/stm32f10x_tim.o
                0x0800bba0                TIM_OC1PreloadConfig
 .text.TIM_OC2PreloadConfig
                0x0800bbb0       0x14 obj/SKYROVER/stm32f10x_tim.o
                0x0800bbb0                TIM_OC2PreloadConfig
 .text.TIM_OC3PreloadConfig
                0x0800bbc4       0x10 obj/SKYROVER/stm32f10x_tim.o
                0x0800bbc4                TIM_OC3PreloadConfig
 .text.TIM_OC4PreloadConfig
                0x0800bbd4       0x14 obj/SKYROVER/stm32f10x_tim.o
                0x0800bbd4                TIM_OC4PreloadConfig
 .text.TIM_SetIC1Prescaler
                0x0800bbe8       0x16 obj/SKYROVER/stm32f10x_tim.o
                0x0800bbe8                TIM_SetIC1Prescaler
 .text.TIM_SetIC2Prescaler
                0x0800bbfe       0x1a obj/SKYROVER/stm32f10x_tim.o
                0x0800bbfe                TIM_SetIC2Prescaler
 .text.TIM_SetIC3Prescaler
                0x0800bc18       0x16 obj/SKYROVER/stm32f10x_tim.o
                0x0800bc18                TIM_SetIC3Prescaler
 .text.TIM_SetIC4Prescaler
                0x0800bc2e       0x1a obj/SKYROVER/stm32f10x_tim.o
                0x0800bc2e                TIM_SetIC4Prescaler
 .text.TIM_ICInit
                0x0800bc48      0x138 obj/SKYROVER/stm32f10x_tim.o
                0x0800bc48                TIM_ICInit
 .text.TIM_GetCapture1
                0x0800bd80        0x6 obj/SKYROVER/stm32f10x_tim.o
                0x0800bd80                TIM_GetCapture1
 .text.TIM_GetCapture2
                0x0800bd86        0x6 obj/SKYROVER/stm32f10x_tim.o
                0x0800bd86                TIM_GetCapture2
 .text.TIM_GetCapture3
                0x0800bd8c        0x6 obj/SKYROVER/stm32f10x_tim.o
                0x0800bd8c                TIM_GetCapture3
 .text.TIM_GetCapture4
                0x0800bd92        0x8 obj/SKYROVER/stm32f10x_tim.o
                0x0800bd92                TIM_GetCapture4
 .text.TIM_GetITStatus
                0x0800bd9a       0x16 obj/SKYROVER/stm32f10x_tim.o
                0x0800bd9a                TIM_GetITStatus
 .text.TIM_ClearITPendingBit
                0x0800bdb0        0x8 obj/SKYROVER/stm32f10x_tim.o
                0x0800bdb0                TIM_ClearITPendingBit
 .text.USART_Init
                0x0800bdb8       0xac obj/SKYROVER/stm32f10x_usart.o
                0x0800bdb8                USART_Init
 .text.USART_Cmd
                0x0800be64       0x18 obj/SKYROVER/stm32f10x_usart.o
                0x0800be64                USART_Cmd
 .text.USART_ITConfig
                0x0800be7c       0x32 obj/SKYROVER/stm32f10x_usart.o
                0x0800be7c                USART_ITConfig
 .text.USART_DMACmd
                0x0800beae       0x12 obj/SKYROVER/stm32f10x_usart.o
                0x0800beae                USART_DMACmd
 .text.vListInsertEnd
                0x0800bec0       0x18 obj/SKYROVER/list.o
                0x0800bec0                vListInsertEnd
 .text.uxListRemove
                0x0800bed8       0x20 obj/SKYROVER/list.o
                0x0800bed8                uxListRemove
 .text.xTaskIncrementTick
                0x0800bef8      0x11c obj/SKYROVER/tasks.o
                0x0800bef8                xTaskIncrementTick
 .text.vTaskSwitchContext
                0x0800c014       0x70 obj/SKYROVER/tasks.o
                0x0800c014                vTaskSwitchContext
 .text.xTaskGetSchedulerState
                0x0800c084       0x1c obj/SKYROVER/tasks.o
                0x0800c084                xTaskGetSchedulerState
 .text.SVC_Handler
                0x0800c0a0       0x20 obj/SKYROVER/port.o
                0x0800c0a0                SVC_Handler
 .text.ulPortSetInterruptMask
                0x0800c0c0       0x10 obj/SKYROVER/port.o
                0x0800c0c0                ulPortSetInterruptMask
 .text.vPortClearInterruptMask
                0x0800c0d0        0x6 obj/SKYROVER/port.o
                0x0800c0d0                vPortClearInterruptMask
 *fill*         0x0800c0d6        0x2 
 .text.PendSV_Handler
                0x0800c0d8       0x3c obj/SKYROVER/port.o
                0x0800c0d8                PendSV_Handler
 .text.xPortSysTickHandler
                0x0800c114       0x24 obj/SKYROVER/port.o
                0x0800c114                xPortSysTickHandler
 .text.Standard_GetConfiguration
                0x0800c138       0x24 obj/SKYROVER/usb_core.o
                0x0800c138                Standard_GetConfiguration
 .text.Standard_GetInterface
                0x0800c15c       0x24 obj/SKYROVER/usb_core.o
                0x0800c15c                Standard_GetInterface
 .text.Standard_GetStatus
                0x0800c180       0x90 obj/SKYROVER/usb_core.o
                0x0800c180                Standard_GetStatus
 .text.DataStageIn
                0x0800c210       0xac obj/SKYROVER/usb_core.o
 .text.Standard_SetConfiguration
                0x0800c2bc       0x38 obj/SKYROVER/usb_core.o
                0x0800c2bc                Standard_SetConfiguration
 .text.Standard_SetInterface
                0x0800c2f4       0x48 obj/SKYROVER/usb_core.o
                0x0800c2f4                Standard_SetInterface
 .text.Standard_ClearFeature
                0x0800c33c       0xd8 obj/SKYROVER/usb_core.o
                0x0800c33c                Standard_ClearFeature
 .text.Standard_SetEndPointFeature
                0x0800c414       0x8c obj/SKYROVER/usb_core.o
                0x0800c414                Standard_SetEndPointFeature
 .text.Standard_SetDeviceFeature
                0x0800c4a0       0x24 obj/SKYROVER/usb_core.o
                0x0800c4a0                Standard_SetDeviceFeature
 .text.Standard_GetDescriptorData
                0x0800c4c4       0x1c obj/SKYROVER/usb_core.o
                0x0800c4c4                Standard_GetDescriptorData
 .text.Post0_Process
                0x0800c4e0       0x44 obj/SKYROVER/usb_core.o
                0x0800c4e0                Post0_Process
 .text.Setup0_Process
                0x0800c524      0x2d8 obj/SKYROVER/usb_core.o
                0x0800c524                Setup0_Process
 .text.Out0_Process
                0x0800c7fc       0xcc obj/SKYROVER/usb_core.o
                0x0800c7fc                Out0_Process
 .text.SetDeviceAddress
                0x0800c8c8       0x40 obj/SKYROVER/usb_core.o
                0x0800c8c8                SetDeviceAddress
 .text.In0_Process
                0x0800c908       0x5c obj/SKYROVER/usb_core.o
                0x0800c908                In0_Process
 .text.NOP_Process
                0x0800c964        0x2 obj/SKYROVER/usb_core.o
                0x0800c964                NOP_Process
 *fill*         0x0800c966        0x2 
 .text.USB_Init
                0x0800c968       0x34 obj/SKYROVER/usb_init.o
                0x0800c968                USB_Init
 .text.CTR_LP   0x0800c99c      0x16c obj/SKYROVER/usb_int.o
                0x0800c99c                CTR_LP
 .text.UserToPMABufferCopy
                0x0800cb08       0x30 obj/SKYROVER/usb_mem.o
                0x0800cb08                UserToPMABufferCopy
 .text.PMAToUserBufferCopy
                0x0800cb38       0x24 obj/SKYROVER/usb_mem.o
                0x0800cb38                PMAToUserBufferCopy
 .text.SetBTABLE
                0x0800cb5c       0x10 obj/SKYROVER/usb_regs.o
                0x0800cb5c                SetBTABLE
 .text.SetEPType
                0x0800cb6c       0x1c obj/SKYROVER/usb_regs.o
                0x0800cb6c                SetEPType
 .text.SetEPTxStatus
                0x0800cb88       0x32 obj/SKYROVER/usb_regs.o
                0x0800cb88                SetEPTxStatus
 .text.SetEPRxStatus
                0x0800cbba       0x32 obj/SKYROVER/usb_regs.o
                0x0800cbba                SetEPRxStatus
 .text.SetEPTxValid
                0x0800cbec       0x26 obj/SKYROVER/usb_regs.o
                0x0800cbec                SetEPTxValid
 .text.SetEPRxValid
                0x0800cc12       0x26 obj/SKYROVER/usb_regs.o
                0x0800cc12                SetEPRxValid
 .text.Clear_Status_Out
                0x0800cc38       0x20 obj/SKYROVER/usb_regs.o
                0x0800cc38                Clear_Status_Out
 .text.ClearDTOG_RX
                0x0800cc58       0x26 obj/SKYROVER/usb_regs.o
                0x0800cc58                ClearDTOG_RX
 .text.ClearDTOG_TX
                0x0800cc7e       0x26 obj/SKYROVER/usb_regs.o
                0x0800cc7e                ClearDTOG_TX
 .text.SetEPTxAddr
                0x0800cca4       0x20 obj/SKYROVER/usb_regs.o
                0x0800cca4                SetEPTxAddr
 .text.SetEPRxAddr
                0x0800ccc4       0x20 obj/SKYROVER/usb_regs.o
                0x0800ccc4                SetEPRxAddr
 .text.GetEPTxAddr
                0x0800cce4       0x20 obj/SKYROVER/usb_regs.o
                0x0800cce4                GetEPTxAddr
 .text.GetEPRxAddr
                0x0800cd04       0x20 obj/SKYROVER/usb_regs.o
                0x0800cd04                GetEPRxAddr
 .text.SetEPTxCount
                0x0800cd24       0x1c obj/SKYROVER/usb_regs.o
                0x0800cd24                SetEPTxCount
 .text.SetEPRxCount
                0x0800cd40       0x40 obj/SKYROVER/usb_regs.o
                0x0800cd40                SetEPRxCount
 .text.GetEPRxCount
                0x0800cd80       0x20 obj/SKYROVER/usb_regs.o
                0x0800cd80                GetEPRxCount
 .text.ByteSwap
                0x0800cda0        0xa obj/SKYROVER/usb_regs.o
                0x0800cda0                ByteSwap
 *fill*         0x0800cdaa        0x2 
 .text.USB_SIL_Init
                0x0800cdac       0x20 obj/SKYROVER/usb_sil.o
                0x0800cdac                USB_SIL_Init
 .text.USB_SIL_Read
                0x0800cdcc       0x24 obj/SKYROVER/usb_sil.o
                0x0800cdcc                USB_SIL_Read
 .text.IntToUnicode
                0x0800cdf0       0x28 obj/SKYROVER/hw_config.o
 .text.USB_LP_CAN1_RX0_IRQHandler
                0x0800ce18        0x4 obj/SKYROVER/hw_config.o
                0x0800ce18                USB_LP_CAN1_RX0_IRQHandler
 .text.USBWakeUp_IRQHandler
                0x0800ce1c        0x8 obj/SKYROVER/hw_config.o
                0x0800ce1c                USBWakeUp_IRQHandler
 .text.Set_System
                0x0800ce24       0x50 obj/SKYROVER/hw_config.o
                0x0800ce24                Set_System
 .text.Set_USBClock
                0x0800ce74       0x16 obj/SKYROVER/hw_config.o
                0x0800ce74                Set_USBClock
 .text.USB_Interrupts_Config
                0x0800ce8a       0x3c obj/SKYROVER/hw_config.o
                0x0800ce8a                USB_Interrupts_Config
 *fill*         0x0800cec6        0x2 
 .text.USB_Cable_Config
                0x0800cec8       0x1c obj/SKYROVER/hw_config.o
                0x0800cec8                USB_Cable_Config
 .text.USB_To_USART_Send_Data
                0x0800cee4       0x38 obj/SKYROVER/hw_config.o
                0x0800cee4                USB_To_USART_Send_Data
 .text.Handle_USBAsynchXfer
                0x0800cf1c       0x94 obj/SKYROVER/hw_config.o
                0x0800cf1c                Handle_USBAsynchXfer
 .text.USB_Send_Data
                0x0800cfb0       0x30 obj/SKYROVER/hw_config.o
                0x0800cfb0                USB_Send_Data
 .text.Get_SerialNum
                0x0800cfe0       0x38 obj/SKYROVER/hw_config.o
                0x0800cfe0                Get_SerialNum
 .text.EP1_IN_Callback
                0x0800d018       0x68 obj/SKYROVER/usb_endp.o
                0x0800d018                EP1_IN_Callback
 .text.EP3_OUT_Callback
                0x0800d080       0x74 obj/SKYROVER/usb_endp.o
                0x0800d080                EP3_OUT_Callback
 .text.SOF_Callback
                0x0800d0f4       0x2c obj/SKYROVER/usb_endp.o
                0x0800d0f4                SOF_Callback
 .text.USB_Istr
                0x0800d120       0x70 obj/SKYROVER/usb_istr.o
                0x0800d120                USB_Istr
 .text.Virtual_Com_Port_SetConfiguration
                0x0800d190       0x18 obj/SKYROVER/usb_prop.o
                0x0800d190                Virtual_Com_Port_SetConfiguration
 .text.Virtual_Com_Port_SetDeviceAddress
                0x0800d1a8        0xc obj/SKYROVER/usb_prop.o
                0x0800d1a8                Virtual_Com_Port_SetDeviceAddress
 .text.Virtual_Com_Port_Status_In
                0x0800d1b4       0x14 obj/SKYROVER/usb_prop.o
                0x0800d1b4                Virtual_Com_Port_Status_In
 .text.Virtual_Com_Port_Status_Out
                0x0800d1c8        0x2 obj/SKYROVER/usb_prop.o
                0x0800d1c8                Virtual_Com_Port_Status_Out
 *fill*         0x0800d1ca        0x2 
 .text.Virtual_Com_Port_Data_Setup
                0x0800d1cc       0x5c obj/SKYROVER/usb_prop.o
                0x0800d1cc                Virtual_Com_Port_Data_Setup
 .text.Virtual_Com_Port_NoData_Setup
                0x0800d228       0x38 obj/SKYROVER/usb_prop.o
                0x0800d228                Virtual_Com_Port_NoData_Setup
 .text.Virtual_Com_Port_Get_Interface_Setting
                0x0800d260       0x10 obj/SKYROVER/usb_prop.o
                0x0800d260                Virtual_Com_Port_Get_Interface_Setting
 .text.Virtual_Com_Port_GetLineCoding
                0x0800d270       0x18 obj/SKYROVER/usb_prop.o
                0x0800d270                Virtual_Com_Port_GetLineCoding
 .text.Virtual_Com_Port_SetLineCoding
                0x0800d288       0x18 obj/SKYROVER/usb_prop.o
                0x0800d288                Virtual_Com_Port_SetLineCoding
 .text.Virtual_Com_Port_init
                0x0800d2a0       0x24 obj/SKYROVER/usb_prop.o
                0x0800d2a0                Virtual_Com_Port_init
 .text.Virtual_Com_Port_Reset
                0x0800d2c4       0xe0 obj/SKYROVER/usb_prop.o
                0x0800d2c4                Virtual_Com_Port_Reset
 .text.Virtual_Com_Port_GetDeviceDescriptor
                0x0800d3a4        0xc obj/SKYROVER/usb_prop.o
                0x0800d3a4                Virtual_Com_Port_GetDeviceDescriptor
 .text.Virtual_Com_Port_GetConfigDescriptor
                0x0800d3b0        0xc obj/SKYROVER/usb_prop.o
                0x0800d3b0                Virtual_Com_Port_GetConfigDescriptor
 .text.Virtual_Com_Port_GetStringDescriptor
                0x0800d3bc       0x20 obj/SKYROVER/usb_prop.o
                0x0800d3bc                Virtual_Com_Port_GetStringDescriptor
 .text.PowerOn  0x0800d3dc       0x30 obj/SKYROVER/usb_pwr.o
                0x0800d3dc                PowerOn
 .text.startup.main
                0x0800d40c       0x34 obj/SKYROVER/main.o
                0x0800d40c                main
 .text._ZN14hardwareSerial4readEh
                0x0800d440       0x28 obj/SKYROVER/hardwareSerial.o
                0x0800d440                hardwareSerial::read(unsigned char)
 .text._ZN14hardwareSerial9availableEh
                0x0800d468       0x28 obj/SKYROVER/hardwareSerial.o
                0x0800d468                hardwareSerial::available(unsigned char)
 .text._Z5noUsev
                0x0800d490        0x2 obj/SKYROVER/modeController.o
                0x0800d490                noUse()
 .text._Z8posDebugv
                0x0800d492        0x2 obj/SKYROVER/modeController.o
                0x0800d492                posDebug()
 .text._Z13attitudeDebugv
                0x0800d494        0x2 obj/SKYROVER/modeController.o
                0x0800d494                attitudeDebug()
 .text._Z13actuatorDebugv
                0x0800d496        0x2 obj/SKYROVER/modeController.o
                0x0800d496                actuatorDebug()
 .text._Z10posPrimaryv
                0x0800d498        0x2 obj/SKYROVER/modeController.o
                0x0800d498                posPrimary()
 *fill*         0x0800d49a        0x2 
 .text._Z15attitudePrimaryv
                0x0800d49c        0xc obj/SKYROVER/modeController.o
                0x0800d49c                attitudePrimary()
 .text._Z15actuatorPrimaryv
                0x0800d4a8        0xc obj/SKYROVER/modeController.o
                0x0800d4a8                actuatorPrimary()
 .text._ZN14modeController12commandParseEttt
                0x0800d4b4       0x22 obj/SKYROVER/modeController.o
                0x0800d4b4                modeController::commandParse(unsigned short, unsigned short, unsigned short)
 *fill*         0x0800d4d6        0x2 
 .text._ZN14modeController10modeSelectEv
                0x0800d4d8       0x6c obj/SKYROVER/modeController.o
                0x0800d4d8                modeController::modeSelect()
 .text._ZN14modeController7processEm
                0x0800d544       0x2c obj/SKYROVER/modeController.o
                0x0800d544                modeController::process(unsigned long)
 .text.startup._GLOBAL__sub_I__ZN14modeController22modeControllerInstanceE
                0x0800d570       0x28 obj/SKYROVER/modeController.o
 .text._ZN13commandParser10receiveBufEv
                0x0800d598       0xe4 obj/SKYROVER/commandParser.o
                0x0800d598                commandParser::receiveBuf()
 .text._ZN13commandParser8evaluateEv
                0x0800d67c       0x70 obj/SKYROVER/commandParser.o
                0x0800d67c                commandParser::evaluate()
 .text._ZN13commandParser7processEm
                0x0800d6ec       0x4c obj/SKYROVER/commandParser.o
                0x0800d6ec                commandParser::process(unsigned long)
 .text.startup._GLOBAL__sub_I__ZN13commandParser21commandParserInstanceE
                0x0800d738       0x3c obj/SKYROVER/commandParser.o
 .text.startup._GLOBAL__sub_I__ZN9globalVal17globalValInstanceE
                0x0800d774       0x10 obj/SKYROVER/globalClass.o
 .text._ZN12attitudeMode14receiveCommandEPKh
                0x0800d784       0x78 obj/SKYROVER/attitudeMode.o
                0x0800d784                attitudeMode::receiveCommand(unsigned char const*)
 .text._ZN12attitudeMode15receiveInertialEPKsPsS2_
                0x0800d7fc       0x20 obj/SKYROVER/attitudeMode.o
                0x0800d7fc                attitudeMode::receiveInertial(short const*, short*, short*)
 .text._ZN12attitudeMode12controller_t16stdPIDcontrollerEPsS1_S1_S1_
                0x0800d81c      0x15c obj/SKYROVER/attitudeMode.o
                0x0800d81c                attitudeMode::controller_t::stdPIDcontroller(short*, short*, short*, short*)
 .text._ZN12attitudeMode9angleModeEv
                0x0800d978       0x4c obj/SKYROVER/attitudeMode.o
                0x0800d978                attitudeMode::angleMode()
 .text.startup._GLOBAL__sub_I__ZN12attitudeMode20attitudeModeInstanceE
                0x0800d9c4       0x10 obj/SKYROVER/attitudeMode.o
 .text._ZN12actuatorMode13receiveOutputEPss
                0x0800d9d4       0x10 obj/SKYROVER/actuatorMode.o
                0x0800d9d4                actuatorMode::receiveOutput(short*, short)
 .text._ZN12actuatorMode14receiveCommandEPs
                0x0800d9e4        0xe obj/SKYROVER/actuatorMode.o
                0x0800d9e4                actuatorMode::receiveCommand(short*)
 *fill*         0x0800d9f2        0x2 
 .text._ZN12actuatorMode12actuatorStopEv
                0x0800d9f4       0x1c obj/SKYROVER/actuatorMode.o
                0x0800d9f4                actuatorMode::actuatorStop()
 .text._ZN12actuatorMode10quadXwriteEv
                0x0800da10      0x118 obj/SKYROVER/actuatorMode.o
                0x0800da10                actuatorMode::quadXwrite()
 .text._ZN12actuatorMode9quadXmodeEv
                0x0800db28       0x2c obj/SKYROVER/actuatorMode.o
                0x0800db28                actuatorMode::quadXmode()
 .text._ZN10estimation16inertialEstimateEPsS0_S0_m
                0x0800db54       0x68 obj/SKYROVER/estimation.o
                0x0800db54                estimation::inertialEstimate(short*, short*, short*, unsigned long)
 .text._ZN10estimation7processEm
                0x0800dbbc       0x50 obj/SKYROVER/estimation.o
                0x0800dbbc                estimation::process(unsigned long)
 .text.startup._GLOBAL__sub_I__ZN10estimation18estimationInstanceE
                0x0800dc0c       0x2c obj/SKYROVER/estimation.o
 .text._ZN10gyroSensor4readEPs
                0x0800dc38        0x6 obj/SKYROVER/inertialSensor.o
                0x0800dc38                gyroSensor::read(short*)
 .text._ZN9accSensor4readEPs
                0x0800dc3e        0x6 obj/SKYROVER/inertialSensor.o
                0x0800dc3e                accSensor::read(short*)
 .text._ZN14inertialSensor9calibrateEPsS0_s
                0x0800dc44      0x11c obj/SKYROVER/inertialSensor.o
                0x0800dc44                inertialSensor::calibrate(short*, short*, short)
 .text._ZN14inertialSensor14calculateAngleEPsS0_S0_m
                0x0800dd60        0xc obj/SKYROVER/inertialSensor.o
                0x0800dd60                inertialSensor::calculateAngle(short*, short*, short*, unsigned long)
 .text.startup._GLOBAL__sub_I__ZN14inertialSensor22inertialSensorInstanceE
                0x0800dd6c       0x1c obj/SKYROVER/inertialSensor.o
 .text._ZN9quadMotor5writeEht
                0x0800dd88        0x8 obj/SKYROVER/motor.o
                0x0800dd88                quadMotor::write(unsigned char, unsigned short)
 .text.cosf     0x0800dd90       0x6c c:/program files (x86)/gnu tools arm embedded/4.9 2015q3/bin/../lib/gcc/arm-none-eabi/4.9.3/../../../../arm-none-eabi/lib/armv7-m\libm.a(lib_a-sf_cos.o)
                0x0800dd90                cosf
 .text.lrintf   0x0800ddfc       0x78 c:/program files (x86)/gnu tools arm embedded/4.9 2015q3/bin/../lib/gcc/arm-none-eabi/4.9.3/../../../../arm-none-eabi/lib/armv7-m\libm.a(lib_a-sf_lrint.o)
                0x0800ddfc                lrintf
 .text.sinf     0x0800de74       0x7c c:/program files (x86)/gnu tools arm embedded/4.9 2015q3/bin/../lib/gcc/arm-none-eabi/4.9.3/../../../../arm-none-eabi/lib/armv7-m\libm.a(lib_a-sf_sin.o)
                0x0800de74                sinf
 .text.atan2f   0x0800def0        0x4 c:/program files (x86)/gnu tools arm embedded/4.9 2015q3/bin/../lib/gcc/arm-none-eabi/4.9.3/../../../../arm-none-eabi/lib/armv7-m\libm.a(lib_a-wf_atan2.o)
                0x0800def0                atan2f
 .text.sqrtf    0x0800def4       0x9c c:/program files (x86)/gnu tools arm embedded/4.9 2015q3/bin/../lib/gcc/arm-none-eabi/4.9.3/../../../../arm-none-eabi/lib/armv7-m\libm.a(lib_a-wf_sqrt.o)
                0x0800def4                sqrtf
 .text.__ieee754_atan2f
                0x0800df90      0x120 c:/program files (x86)/gnu tools arm embedded/4.9 2015q3/bin/../lib/gcc/arm-none-eabi/4.9.3/../../../../arm-none-eabi/lib/armv7-m\libm.a(lib_a-ef_atan2.o)
                0x0800df90                __ieee754_atan2f
 .text.__ieee754_rem_pio2f
                0x0800e0b0      0x2e4 c:/program files (x86)/gnu tools arm embedded/4.9 2015q3/bin/../lib/gcc/arm-none-eabi/4.9.3/../../../../arm-none-eabi/lib/armv7-m\libm.a(lib_a-ef_rem_pio2.o)
                0x0800e0b0                __ieee754_rem_pio2f
 .text.__ieee754_sqrtf
                0x0800e394       0xa8 c:/program files (x86)/gnu tools arm embedded/4.9 2015q3/bin/../lib/gcc/arm-none-eabi/4.9.3/../../../../arm-none-eabi/lib/armv7-m\libm.a(lib_a-ef_sqrt.o)
                0x0800e394                __ieee754_sqrtf
 .text.__kernel_cosf
                0x0800e43c      0x188 c:/program files (x86)/gnu tools arm embedded/4.9 2015q3/bin/../lib/gcc/arm-none-eabi/4.9.3/../../../../arm-none-eabi/lib/armv7-m\libm.a(lib_a-kf_cos.o)
                0x0800e43c                __kernel_cosf
 .text.__kernel_rem_pio2f
                0x0800e5c4      0x674 c:/program files (x86)/gnu tools arm embedded/4.9 2015q3/bin/../lib/gcc/arm-none-eabi/4.9.3/../../../../arm-none-eabi/lib/armv7-m\libm.a(lib_a-kf_rem_pio2.o)
                0x0800e5c4                __kernel_rem_pio2f
 .text.__kernel_sinf
                0x0800ec38       0xec c:/program files (x86)/gnu tools arm embedded/4.9 2015q3/bin/../lib/gcc/arm-none-eabi/4.9.3/../../../../arm-none-eabi/lib/armv7-m\libm.a(lib_a-kf_sin.o)
                0x0800ec38                __kernel_sinf
 .text.matherr  0x0800ed24        0x4 c:/program files (x86)/gnu tools arm embedded/4.9 2015q3/bin/../lib/gcc/arm-none-eabi/4.9.3/../../../../arm-none-eabi/lib/armv7-m\libm.a(lib_a-s_matherr.o)
                0x0800ed24                matherr
 .text.atanf    0x0800ed28      0x22c c:/program files (x86)/gnu tools arm embedded/4.9 2015q3/bin/../lib/gcc/arm-none-eabi/4.9.3/../../../../arm-none-eabi/lib/armv7-m\libm.a(lib_a-sf_atan.o)
                0x0800ed28                atanf
 .text.fabsf    0x0800ef54        0x8 c:/program files (x86)/gnu tools arm embedded/4.9 2015q3/bin/../lib/gcc/arm-none-eabi/4.9.3/../../../../arm-none-eabi/lib/armv7-m\libm.a(lib_a-sf_fabs.o)
                0x0800ef54                fabsf
 .text.floorf   0x0800ef5c       0x8c c:/program files (x86)/gnu tools arm embedded/4.9 2015q3/bin/../lib/gcc/arm-none-eabi/4.9.3/../../../../arm-none-eabi/lib/armv7-m\libm.a(lib_a-sf_floor.o)
                0x0800ef5c                floorf
 .text.__fpclassifyf
                0x0800efe8       0x34 c:/program files (x86)/gnu tools arm embedded/4.9 2015q3/bin/../lib/gcc/arm-none-eabi/4.9.3/../../../../arm-none-eabi/lib/armv7-m\libm.a(lib_a-sf_fpclassify.o)
                0x0800efe8                __fpclassifyf
 .text.scalbnf  0x0800f01c       0xb0 c:/program files (x86)/gnu tools arm embedded/4.9 2015q3/bin/../lib/gcc/arm-none-eabi/4.9.3/../../../../arm-none-eabi/lib/armv7-m\libm.a(lib_a-sf_scalbn.o)
                0x0800f01c                scalbnf
 .text.copysignf
                0x0800f0cc        0xc c:/program files (x86)/gnu tools arm embedded/4.9 2015q3/bin/../lib/gcc/arm-none-eabi/4.9.3/../../../../arm-none-eabi/lib/armv7-m\libm.a(lib_a-sf_copysign.o)
                0x0800f0cc                copysignf
 .text.abort    0x0800f0d8       0x10 c:/program files (x86)/gnu tools arm embedded/4.9 2015q3/bin/../lib/gcc/arm-none-eabi/4.9.3/../../../../arm-none-eabi/lib/armv7-m\libc.a(lib_a-abort.o)
                0x0800f0d8                abort
 .text.__errno  0x0800f0e8        0xc c:/program files (x86)/gnu tools arm embedded/4.9 2015q3/bin/../lib/gcc/arm-none-eabi/4.9.3/../../../../arm-none-eabi/lib/armv7-m\libc.a(lib_a-errno.o)
                0x0800f0e8                __errno
 .text.__libc_init_array
                0x0800f0f4       0x50 c:/program files (x86)/gnu tools arm embedded/4.9 2015q3/bin/../lib/gcc/arm-none-eabi/4.9.3/../../../../arm-none-eabi/lib/armv7-m\libc.a(lib_a-init.o)
                0x0800f0f4                __libc_init_array
 .text.memset   0x0800f144       0x9c c:/program files (x86)/gnu tools arm embedded/4.9 2015q3/bin/../lib/gcc/arm-none-eabi/4.9.3/../../../../arm-none-eabi/lib/armv7-m\libc.a(lib_a-memset.o)
                0x0800f144                memset
 .text._raise_r
                0x0800f1e0       0x58 c:/program files (x86)/gnu tools arm embedded/4.9 2015q3/bin/../lib/gcc/arm-none-eabi/4.9.3/../../../../arm-none-eabi/lib/armv7-m\libc.a(lib_a-signal.o)
                0x0800f1e0                _raise_r
 .text.raise    0x0800f238       0x10 c:/program files (x86)/gnu tools arm embedded/4.9 2015q3/bin/../lib/gcc/arm-none-eabi/4.9.3/../../../../arm-none-eabi/lib/armv7-m\libc.a(lib_a-signal.o)
                0x0800f238                raise
 .text._kill_r  0x0800f248       0x28 c:/program files (x86)/gnu tools arm embedded/4.9 2015q3/bin/../lib/gcc/arm-none-eabi/4.9.3/../../../../arm-none-eabi/lib/armv7-m\libc.a(lib_a-signalr.o)
                0x0800f248                _kill_r
 .text._getpid_r
                0x0800f270        0x4 c:/program files (x86)/gnu tools arm embedded/4.9 2015q3/bin/../lib/gcc/arm-none-eabi/4.9.3/../../../../arm-none-eabi/lib/armv7-m\libc.a(lib_a-signalr.o)
                0x0800f270                _getpid_r
 .text.strchr   0x0800f274       0xcc c:/program files (x86)/gnu tools arm embedded/4.9 2015q3/bin/../lib/gcc/arm-none-eabi/4.9.3/../../../../arm-none-eabi/lib/armv7-m\libc.a(lib_a-strchr.o)
                0x0800f274                strchr
 .text.startup.register_fini
                0x0800f340       0x14 c:/program files (x86)/gnu tools arm embedded/4.9 2015q3/bin/../lib/gcc/arm-none-eabi/4.9.3/../../../../arm-none-eabi/lib/armv7-m\libc.a(lib_a-__call_atexit.o)
 .text.atexit   0x0800f354        0xc c:/program files (x86)/gnu tools arm embedded/4.9 2015q3/bin/../lib/gcc/arm-none-eabi/4.9.3/../../../../arm-none-eabi/lib/armv7-m\libc.a(lib_a-atexit.o)
                0x0800f354                atexit
 .text.__libc_fini_array
                0x0800f360       0x2c c:/program files (x86)/gnu tools arm embedded/4.9 2015q3/bin/../lib/gcc/arm-none-eabi/4.9.3/../../../../arm-none-eabi/lib/armv7-m\libc.a(lib_a-fini.o)
                0x0800f360                __libc_fini_array
 .text.__register_exitproc
                0x0800f38c       0xa4 c:/program files (x86)/gnu tools arm embedded/4.9 2015q3/bin/../lib/gcc/arm-none-eabi/4.9.3/../../../../arm-none-eabi/lib/armv7-m\libc.a(lib_a-__atexit.o)
                0x0800f38c                __register_exitproc
 .text._getpid  0x0800f430       0x10 c:/program files (x86)/gnu tools arm embedded/4.9 2015q3/bin/../lib/gcc/arm-none-eabi/4.9.3/../../../../arm-none-eabi/lib/armv7-m\libnosys.a(getpid.o)
                0x0800f430                _getpid
 .text._kill    0x0800f440       0x10 c:/program files (x86)/gnu tools arm embedded/4.9 2015q3/bin/../lib/gcc/arm-none-eabi/4.9.3/../../../../arm-none-eabi/lib/armv7-m\libnosys.a(kill.o)
                0x0800f440                _kill
 .text._exit    0x0800f450        0x4 c:/program files (x86)/gnu tools arm embedded/4.9 2015q3/bin/../lib/gcc/arm-none-eabi/4.9.3/../../../../arm-none-eabi/lib/armv7-m\libnosys.a(_exit.o)
                0x0800f450                _exit
 *(.rodata)
 .rodata        0x0800f454        0x8 obj/SKYROVER/config.o
 .rodata        0x0800f45c       0x10 obj/SKYROVER/drv_system.o
 .rodata        0x0800f46c        0x4 obj/SKYROVER/usb_endp.o
 .rodata        0x0800f470        0x6 obj/SKYROVER/attitudeMode.o
 *(.rodata*)
 .rodata.rcChannelLetters
                0x0800f476        0x9 obj/SKYROVER/config.o
                0x0800f476                rcChannelLetters
 .rodata.str1.1
                0x0800f47f        0x9 obj/SKYROVER/config.o
 .rodata.airPPM
                0x0800f488        0xc obj/SKYROVER/drv_pwm.o
 .rodata.multiPPM
                0x0800f494        0xc obj/SKYROVER/drv_pwm.o
 .rodata.hardwareMaps
                0x0800f4a0       0x10 obj/SKYROVER/drv_pwm.o
 .rodata.airPWM
                0x0800f4b0        0xf obj/SKYROVER/drv_pwm.o
 .rodata.multiPWM
                0x0800f4bf        0xf obj/SKYROVER/drv_pwm.o
 *fill*         0x0800f4ce        0x2 
 .rodata.softSerialVTable
                0x0800f4d0       0x14 obj/SKYROVER/drv_softserial.o
                0x0800f4d0                softSerialVTable
 .rodata.timerHardware
                0x0800f4e4       0xe0 obj/SKYROVER/drv_timer.o
                0x0800f4e4                timerHardware
 .rodata.timers
                0x0800f5c4       0x10 obj/SKYROVER/drv_timer.o
 .rodata.channels
                0x0800f5d4        0x4 obj/SKYROVER/drv_timer.o
 .rodata.uartVTable
                0x0800f5d8       0x14 obj/SKYROVER/drv_uart.o
                0x0800f5d8                uartVTable
 .rodata.str1.1
                0x0800f5ec       0xda obj/SKYROVER/gps.o
                                 0xdb (size before relaxing)
 *fill*         0x0800f6c6        0x2 
 .rodata.gpsInitData
                0x0800f6c8       0x3c obj/SKYROVER/gps.o
 .rodata.mixerOctoFlatX
                0x0800f704       0x80 obj/SKYROVER/mixer.o
 .rodata.mixerTri
                0x0800f784       0x30 obj/SKYROVER/mixer.o
 .rodata.mixerHex6H
                0x0800f7b4       0x60 obj/SKYROVER/mixer.o
 .rodata.mixerY6
                0x0800f814       0x60 obj/SKYROVER/mixer.o
 .rodata.mixers
                0x0800f874       0xb8 obj/SKYROVER/mixer.o
                0x0800f874                mixers
 .rodata.mixerOctoFlatP
                0x0800f92c       0x80 obj/SKYROVER/mixer.o
 .rodata.mixerQuadX
                0x0800f9ac       0x40 obj/SKYROVER/mixer.o
 .rodata.mixerY4
                0x0800f9ec       0x40 obj/SKYROVER/mixer.o
 .rodata.mixerVtail4
                0x0800fa2c       0x40 obj/SKYROVER/mixer.o
 .rodata.mixerDualcopter
                0x0800fa6c       0x20 obj/SKYROVER/mixer.o
 .rodata.mixerQuadP
                0x0800fa8c       0x40 obj/SKYROVER/mixer.o
 .rodata.mixerHex6X
                0x0800facc       0x60 obj/SKYROVER/mixer.o
 .rodata.mixerHex6P
                0x0800fb2c       0x60 obj/SKYROVER/mixer.o
 .rodata.mixerOctoX8
                0x0800fb8c       0x80 obj/SKYROVER/mixer.o
 .rodata.mixerBi
                0x0800fc0c       0x20 obj/SKYROVER/mixer.o
 .rodata.str1.1
                0x0800fc2c       0x4a obj/SKYROVER/sensors.o
 .rodata.str1.1
                0x0800fc76       0x1d obj/SKYROVER/cupdroneHardwareSetup.o
                                 0x20 (size before relaxing)
 .rodata.Virtual_Com_Port_StringVendor
                0x0800fc93       0x12 obj/SKYROVER/usb_desc.o
                0x0800fc93                Virtual_Com_Port_StringVendor
 .rodata.Virtual_Com_Port_DeviceDescriptor
                0x0800fca5       0x12 obj/SKYROVER/usb_desc.o
                0x0800fca5                Virtual_Com_Port_DeviceDescriptor
 .rodata.Virtual_Com_Port_StringLangID
                0x0800fcb7        0x4 obj/SKYROVER/usb_desc.o
                0x0800fcb7                Virtual_Com_Port_StringLangID
 .rodata.Virtual_Com_Port_StringProduct
                0x0800fcbb       0x34 obj/SKYROVER/usb_desc.o
                0x0800fcbb                Virtual_Com_Port_StringProduct
 .rodata.Virtual_Com_Port_ConfigDescriptor
                0x0800fcef       0x43 obj/SKYROVER/usb_desc.o
                0x0800fcef                Virtual_Com_Port_ConfigDescriptor
 *fill*         0x0800fd32        0x2 
 .rodata._ZZN12actuatorMode10quadXwriteEvE10tableQUADX
                0x0800fd34       0x40 obj/SKYROVER/actuatorMode.o
 .rodata.TWO23  0x0800fd74        0x8 c:/program files (x86)/gnu tools arm embedded/4.9 2015q3/bin/../lib/gcc/arm-none-eabi/4.9.3/../../../../arm-none-eabi/lib/armv7-m\libm.a(lib_a-sf_lrint.o)
 .rodata.str1.4
                0x0800fd7c        0x6 c:/program files (x86)/gnu tools arm embedded/4.9 2015q3/bin/../lib/gcc/arm-none-eabi/4.9.3/../../../../arm-none-eabi/lib/armv7-m\libm.a(lib_a-wf_sqrt.o)
 *fill*         0x0800fd82        0x2 
 .rodata.npio2_hw
                0x0800fd84       0x80 c:/program files (x86)/gnu tools arm embedded/4.9 2015q3/bin/../lib/gcc/arm-none-eabi/4.9.3/../../../../arm-none-eabi/lib/armv7-m\libm.a(lib_a-ef_rem_pio2.o)
 .rodata.two_over_pi
                0x0800fe04      0x318 c:/program files (x86)/gnu tools arm embedded/4.9 2015q3/bin/../lib/gcc/arm-none-eabi/4.9.3/../../../../arm-none-eabi/lib/armv7-m\libm.a(lib_a-ef_rem_pio2.o)
 .rodata.init_jk
                0x0801011c        0xc c:/program files (x86)/gnu tools arm embedded/4.9 2015q3/bin/../lib/gcc/arm-none-eabi/4.9.3/../../../../arm-none-eabi/lib/armv7-m\libm.a(lib_a-kf_rem_pio2.o)
 .rodata.PIo2   0x08010128       0x2c c:/program files (x86)/gnu tools arm embedded/4.9 2015q3/bin/../lib/gcc/arm-none-eabi/4.9.3/../../../../arm-none-eabi/lib/armv7-m\libm.a(lib_a-kf_rem_pio2.o)
 .rodata.atanlo
                0x08010154       0x10 c:/program files (x86)/gnu tools arm embedded/4.9 2015q3/bin/../lib/gcc/arm-none-eabi/4.9.3/../../../../arm-none-eabi/lib/armv7-m\libm.a(lib_a-sf_atan.o)
 .rodata.atanhi
                0x08010164       0x10 c:/program files (x86)/gnu tools arm embedded/4.9 2015q3/bin/../lib/gcc/arm-none-eabi/4.9.3/../../../../arm-none-eabi/lib/armv7-m\libm.a(lib_a-sf_atan.o)
 .rodata._ctype_
                0x08010174      0x101 c:/program files (x86)/gnu tools arm embedded/4.9 2015q3/bin/../lib/gcc/arm-none-eabi/4.9.3/../../../../arm-none-eabi/lib/armv7-m\libc.a(lib_a-ctype_.o)
                0x08010174                _ctype_
 *fill*         0x08010275        0x3 
 .rodata.str1.4
                0x08010278        0x4 c:/program files (x86)/gnu tools arm embedded/4.9 2015q3/bin/../lib/gcc/arm-none-eabi/4.9.3/../../../../arm-none-eabi/lib/armv7-m\libc.a(lib_a-impure.o)
                                  0x2 (size before relaxing)
 .rodata._global_impure_ptr
                0x0801027c        0x4 c:/program files (x86)/gnu tools arm embedded/4.9 2015q3/bin/../lib/gcc/arm-none-eabi/4.9.3/../../../../arm-none-eabi/lib/armv7-m\libc.a(lib_a-impure.o)
                0x0801027c                _global_impure_ptr
 *(.glue_7)
 .glue_7        0x00000000        0x0 linker stubs
 *(.glue_7t)
 .glue_7t       0x00000000        0x0 linker stubs
 *(.eh_frame)
 .eh_frame      0x08010280        0x0 c:/program files (x86)/gnu tools arm embedded/4.9 2015q3/bin/../lib/gcc/arm-none-eabi/4.9.3/armv7-m/crtbegin.o
 *(.init)
 .init          0x08010280        0x4 c:/program files (x86)/gnu tools arm embedded/4.9 2015q3/bin/../lib/gcc/arm-none-eabi/4.9.3/armv7-m/crti.o
                0x08010280                _init
 .init          0x08010284        0x8 c:/program files (x86)/gnu tools arm embedded/4.9 2015q3/bin/../lib/gcc/arm-none-eabi/4.9.3/armv7-m/crtn.o
 *(.fini)
 .fini          0x0801028c        0x4 c:/program files (x86)/gnu tools arm embedded/4.9 2015q3/bin/../lib/gcc/arm-none-eabi/4.9.3/armv7-m/crti.o
                0x0801028c                _fini
 .fini          0x08010290        0x8 c:/program files (x86)/gnu tools arm embedded/4.9 2015q3/bin/../lib/gcc/arm-none-eabi/4.9.3/armv7-m/crtn.o
                0x08010298                . = ALIGN (0x4)
                0x08010298                _etext = .

.vfp11_veneer   0x08010298        0x0
 .vfp11_veneer  0x00000000        0x0 linker stubs

.v4_bx          0x08010298        0x0
 .v4_bx         0x00000000        0x0 linker stubs

.iplt           0x08010298        0x0
 .iplt          0x00000000        0x0 c:/program files (x86)/gnu tools arm embedded/4.9 2015q3/bin/../lib/gcc/arm-none-eabi/4.9.3/armv7-m/crtbegin.o

.ARM.extab      0x08010298       0x24
 *(.ARM.extab* .gnu.linkonce.armextab.*)
 .ARM.extab.text.startup.main